Component: ARM Compiler 5.06 update 4 (build 422) Tool: armlink [4d35d2]

==============================================================================

Section Cross References

    stm32f0xx_adc.o(i.ADC_DeInit) refers to stm32f0xx_rcc.o(i.RCC_APB2PeriphResetCmd) for RCC_APB2PeriphResetCmd
    stm32f0xx_cec.o(i.CEC_DeInit) refers to stm32f0xx_rcc.o(i.RCC_APB1PeriphResetCmd) for RCC_APB1PeriphResetCmd
    stm32f0xx_dac.o(i.DAC_DeInit) refers to stm32f0xx_rcc.o(i.RCC_APB1PeriphResetCmd) for RCC_APB1PeriphResetCmd
    stm32f0xx_flash.o(i.FLASH_EraseAllPages) refers to stm32f0xx_flash.o(i.FLASH_WaitForLastOperation) for FLASH_WaitForLastOperation
    stm32f0xx_flash.o(i.FLASH_ErasePage) refers to stm32f0xx_flash.o(i.FLASH_WaitForLastOperation) for FLASH_WaitForLastOperation
    stm32f0xx_flash.o(i.FLASH_OB_BOOTConfig) refers to stm32f0xx_flash.o(i.FLASH_WaitForLastOperation) for FLASH_WaitForLastOperation
    stm32f0xx_flash.o(i.FLASH_OB_EnableWRP) refers to stm32f0xx_flash.o(i.FLASH_WaitForLastOperation) for FLASH_WaitForLastOperation
    stm32f0xx_flash.o(i.FLASH_OB_Erase) refers to stm32f0xx_flash.o(i.FLASH_OB_GetRDP) for FLASH_OB_GetRDP
    stm32f0xx_flash.o(i.FLASH_OB_Erase) refers to stm32f0xx_flash.o(i.FLASH_WaitForLastOperation) for FLASH_WaitForLastOperation
    stm32f0xx_flash.o(i.FLASH_OB_RDPConfig) refers to stm32f0xx_flash.o(i.FLASH_WaitForLastOperation) for FLASH_WaitForLastOperation
    stm32f0xx_flash.o(i.FLASH_OB_SRAMParityConfig) refers to stm32f0xx_flash.o(i.FLASH_WaitForLastOperation) for FLASH_WaitForLastOperation
    stm32f0xx_flash.o(i.FLASH_OB_UserConfig) refers to stm32f0xx_flash.o(i.FLASH_WaitForLastOperation) for FLASH_WaitForLastOperation
    stm32f0xx_flash.o(i.FLASH_OB_VDDAConfig) refers to stm32f0xx_flash.o(i.FLASH_WaitForLastOperation) for FLASH_WaitForLastOperation
    stm32f0xx_flash.o(i.FLASH_OB_WriteUser) refers to stm32f0xx_flash.o(i.FLASH_WaitForLastOperation) for FLASH_WaitForLastOperation
    stm32f0xx_flash.o(i.FLASH_ProgramHalfWord) refers to stm32f0xx_flash.o(i.FLASH_WaitForLastOperation) for FLASH_WaitForLastOperation
    stm32f0xx_flash.o(i.FLASH_ProgramOptionByteData) refers to stm32f0xx_flash.o(i.FLASH_WaitForLastOperation) for FLASH_WaitForLastOperation
    stm32f0xx_flash.o(i.FLASH_ProgramWord) refers to stm32f0xx_flash.o(i.FLASH_WaitForLastOperation) for FLASH_WaitForLastOperation
    stm32f0xx_flash.o(i.FLASH_WaitForLastOperation) refers to stm32f0xx_flash.o(i.FLASH_GetStatus) for FLASH_GetStatus
    stm32f0xx_gpio.o(i.GPIO_DeInit) refers to stm32f0xx_rcc.o(i.RCC_AHBPeriphResetCmd) for RCC_AHBPeriphResetCmd
    stm32f0xx_i2c.o(i.I2C_DeInit) refers to stm32f0xx_rcc.o(i.RCC_APB1PeriphResetCmd) for RCC_APB1PeriphResetCmd
    stm32f0xx_pwr.o(i.PWR_DeInit) refers to stm32f0xx_rcc.o(i.RCC_APB1PeriphResetCmd) for RCC_APB1PeriphResetCmd
    stm32f0xx_rcc.o(i.RCC_GetClocksFreq) refers to uidiv.o(.text) for __aeabi_uidivmod
    stm32f0xx_rcc.o(i.RCC_GetClocksFreq) refers to stm32f0xx_rcc.o(.data) for APBAHBPrescTable
    stm32f0xx_rcc.o(i.RCC_WaitForHSEStartUp) refers to stm32f0xx_rcc.o(i.RCC_GetFlagStatus) for RCC_GetFlagStatus
    stm32f0xx_rtc.o(i.RTC_DeInit) refers to stm32f0xx_rtc.o(i.RTC_EnterInitMode) for RTC_EnterInitMode
    stm32f0xx_rtc.o(i.RTC_DeInit) refers to stm32f0xx_rtc.o(i.RTC_WaitForSynchro) for RTC_WaitForSynchro
    stm32f0xx_rtc.o(i.RTC_GetAlarm) refers to stm32f0xx_rtc.o(i.RTC_Bcd2ToByte) for RTC_Bcd2ToByte
    stm32f0xx_rtc.o(i.RTC_GetDate) refers to stm32f0xx_rtc.o(i.RTC_Bcd2ToByte) for RTC_Bcd2ToByte
    stm32f0xx_rtc.o(i.RTC_GetTime) refers to stm32f0xx_rtc.o(i.RTC_Bcd2ToByte) for RTC_Bcd2ToByte
    stm32f0xx_rtc.o(i.RTC_GetTimeStamp) refers to stm32f0xx_rtc.o(i.RTC_Bcd2ToByte) for RTC_Bcd2ToByte
    stm32f0xx_rtc.o(i.RTC_Init) refers to stm32f0xx_rtc.o(i.RTC_EnterInitMode) for RTC_EnterInitMode
    stm32f0xx_rtc.o(i.RTC_Init) refers to stm32f0xx_rtc.o(i.RTC_ExitInitMode) for RTC_ExitInitMode
    stm32f0xx_rtc.o(i.RTC_RefClockCmd) refers to stm32f0xx_rtc.o(i.RTC_EnterInitMode) for RTC_EnterInitMode
    stm32f0xx_rtc.o(i.RTC_RefClockCmd) refers to stm32f0xx_rtc.o(i.RTC_ExitInitMode) for RTC_ExitInitMode
    stm32f0xx_rtc.o(i.RTC_SetAlarm) refers to stm32f0xx_rtc.o(i.RTC_Bcd2ToByte) for RTC_Bcd2ToByte
    stm32f0xx_rtc.o(i.RTC_SetAlarm) refers to stm32f0xx_rtc.o(i.RTC_ByteToBcd2) for RTC_ByteToBcd2
    stm32f0xx_rtc.o(i.RTC_SetDate) refers to stm32f0xx_rtc.o(i.RTC_Bcd2ToByte) for RTC_Bcd2ToByte
    stm32f0xx_rtc.o(i.RTC_SetDate) refers to stm32f0xx_rtc.o(i.RTC_ByteToBcd2) for RTC_ByteToBcd2
    stm32f0xx_rtc.o(i.RTC_SetDate) refers to stm32f0xx_rtc.o(i.RTC_EnterInitMode) for RTC_EnterInitMode
    stm32f0xx_rtc.o(i.RTC_SetDate) refers to stm32f0xx_rtc.o(i.RTC_ExitInitMode) for RTC_ExitInitMode
    stm32f0xx_rtc.o(i.RTC_SetDate) refers to stm32f0xx_rtc.o(i.RTC_WaitForSynchro) for RTC_WaitForSynchro
    stm32f0xx_rtc.o(i.RTC_SetTime) refers to stm32f0xx_rtc.o(i.RTC_Bcd2ToByte) for RTC_Bcd2ToByte
[...]
    i.Flash_Enable_Write                     0x08005850   Section        0  ex_flash.o(i.Flash_Enable_Write)
    i.Flash_Erase_3Addr                      0x0800587c   Section        0  ex_flash.o(i.Flash_Erase_3Addr)
    i.Flash_Error                            0x080058a0   Section        0  ex_flash.o(i.Flash_Error)
    i.Flash_Init                             0x080058b8   Section        0  ex_flash.o(i.Flash_Init)
    i.Flash_Load_Info                        0x080058cc   Section        0  ex_flash.o(i.Flash_Load_Info)
    i.Flash_Page_Program                     0x080059d0   Section        0  ex_flash.o(i.Flash_Page_Program)
    i.Flash_RWrite_String                    0x08005a40   Section        0  ex_flash.o(i.Flash_RWrite_String)
    i.Flash_Read_3String                     0x08005ab0   Section        0  ex_flash.o(i.Flash_Read_3String)
    i.Flash_Read_Status_Register             0x08005b78   Section        0  ex_flash.o(i.Flash_Read_Status_Register)
    i.Flash_Read_String                      0x08005bac   Section        0  ex_flash.o(i.Flash_Read_String)
    i.Flash_Save_Info                        0x08005c08   Section        0  ex_flash.o(i.Flash_Save_Info)
    i.Flash_Sector_Erase                     0x08005dec   Section        0  ex_flash.o(i.Flash_Sector_Erase)
    i.Flash_Wait_Flash_Idle                  0x08005e40   Section        0  ex_flash.o(i.Flash_Wait_Flash_Idle)
    i.Flash_Write_3String                    0x08005e78   Section        0  ex_flash.o(i.Flash_Write_3String)
    i.Flash_Write_String                     0x08005e9e   Section        0  ex_flash.o(i.Flash_Write_String)
    i.Flash_Written_Check                    0x08005f42   Section        0  ex_flash.o(i.Flash_Written_Check)
    i.Flash_disable_Write                    0x08005f74   Section        0  ex_flash.o(i.Flash_disable_Write)
    i.Frame_Len_Anslyse                      0x08005fa0   Section        0  pc_comm.o(i.Frame_Len_Anslyse)
    i.GPIO_Init                              0x08005ff0   Section        0  stm32f0xx_gpio.o(i.GPIO_Init)
    i.GPIO_PinAFConfig                       0x08006080   Section        0  stm32f0xx_gpio.o(i.GPIO_PinAFConfig)
    i.GPIO_ReadInputDataBit                  0x080060c4   Section        0  stm32f0xx_gpio.o(i.GPIO_ReadInputDataBit)
    i.GPIO_ResetBits                         0x080060d8   Section        0  stm32f0xx_gpio.o(i.GPIO_ResetBits)
    i.GPIO_SetBits                           0x080060dc   Section        0  stm32f0xx_gpio.o(i.GPIO_SetBits)
    i.Get_EventTypeGroup                     0x080060e0   Section        0  record_manage.o(i.Get_EventTypeGroup)
    i.Get_Event_Type_Number                  0x08006124   Section        0  record_manage.o(i.Get_Event_Type_Number)
    i.Get_Item_To_Wr                         0x0800612c   Section        0  ex_flash.o(i.Get_Item_To_Wr)
    i.Get_Parallel_Data                      0x080061b8   Section        0  parallel_port.o(i.Get_Parallel_Data)
    i.Get_RTC_Time                           0x080061e4   Section        0  rtc.o(i.Get_RTC_Time)
    i.Handle_Ei_Pri_B                        0x08006248   Section        0  ei_print_comm.o(i.Handle_Ei_Pri_B)
    i.Hex2BCD                                0x08006298   Section        0  basic.o(i.Hex2BCD)
    i.HexToBCD                               0x080062b6   Section        0  controller.o(i.HexToBCD)
    i.Hex_To_BasicUC                         0x080062ee   Section        0  controller.o(i.Hex_To_BasicUC)
    i.IWDG_Enable                            0x08006334   Section        0  stm32f0xx_iwdg.o(i.IWDG_Enable)
    i.IWDG_ReloadCounter                     0x08006344   Section        0  stm32f0xx_iwdg.o(i.IWDG_ReloadCounter)
    i.IWDG_SetPrescaler                      0x08006354   Section        0  stm32f0xx_iwdg.o(i.IWDG_SetPrescaler)
    i.IWDG_SetReload                         0x08006360   Section        0  stm32f0xx_iwdg.o(i.IWDG_SetReload)
    i.IWDG_WriteAccessCmd                    0x0800636c   Section        0  stm32f0xx_iwdg.o(i.IWDG_WriteAccessCmd)
    i.Init_Config                            0x08006378   Section        0  sys_init.o(i.Init_Config)
    i.Init_WATCHDOG                          0x080064a4   Section        0  sys_init.o(i.Init_WATCHDOG)
    i.Led_Init                               0x080064cc   Section        0  led.o(i.Led_Init)
    i.McuCoreConfig                          0x08006534   Section        0  sys_init.o(i.McuCoreConfig)
    i.Mcu_Data_Init                          0x08006564   Section        0  sys_init.o(i.Mcu_Data_Init)
    i.Mcu_Hard_Init                          0x08006574   Section        0  sys_init.o(i.Mcu_Hard_Init)
    i.MemoryCpyInvert                        0x08006596   Section        0  basic.o(i.MemoryCpyInvert)
    i.Module_Msg_Send_Fal                    0x080065d0   Section        0  ts.o(i.Module_Msg_Send_Fal)
    i.Module_Msg_Send_Suc                    0x080065dc   Section        0  ts.o(i.Module_Msg_Send_Suc)
    i.Monitor_Controller_Fault_Eliminate     0x080065f0   Section        0  controller.o(i.Monitor_Controller_Fault_Eliminate)
    i.Monitor_Controller_Slave_Uart          0x080065f4   Section        0  controller.o(i.Monitor_Controller_Slave_Uart)
    i.Monitor_Controller_Uart                0x08006644   Section        0  controller.o(i.Monitor_Controller_Uart)
    i.Monitor_Controller_Uart_Timer_Run      0x08006660   Section        0  controller.o(i.Monitor_Controller_Uart_Timer_Run)
    i.Monitor_Led                            0x08006680   Section        0  led.o(i.Monitor_Led)
    i.Monitor_Task                           0x08006684   Section        0  timer.o(i.Monitor_Task)
    i.Monitor_Trans_Equip_Fault_Eliminate    0x08006718   Section        0  controller.o(i.Monitor_Trans_Equip_Fault_Eliminate)
    i.Monitor_Updata                         0x08006750   Section        0  controller.o(i.Monitor_Updata)
    i.NVIC_Init                              0x08006798   Section        0  stm32f0xx_misc.o(i.NVIC_Init)
    i.Off_Led_Contor                         0x08006808   Section        0  led.o(i.Off_Led_Contor)
    i.Off_Led_Error                          0x0800680c   Section        0  led.o(i.Off_Led_Error)
    i.Off_Led_REC                            0x08006840   Section        0  led.o(i.Off_Led_REC)
    i.Off_Led_SEND                           0x0800684c   Section        0  led.o(i.Off_Led_SEND)
    i.On_Led_Contor                          0x08006858   Section        0  led.o(i.On_Led_Contor)
    i.On_Led_Error                           0x0800685c   Section        0  led.o(i.On_Led_Error)
    i.On_Led_REC                             0x0800686c   Section        0  led.o(i.On_Led_REC)
    i.On_Led_SEND                            0x08006878   Section        0  led.o(i.On_Led_SEND)
    i.PWR_BackupAccessCmd                    0x08006884   Section        0  stm32f0xx_pwr.o(i.PWR_BackupAccessCmd)
    i.Parall_Data_Analyse                    0x080068ac   Section        0  ei_print_comm.o(i.Parall_Data_Analyse)
    i.Parall_Uart_Rec_Data                   0x08006a74   Section        0  ei_print_comm.o(i.Parall_Uart_Rec_Data)
    i.Parallel_Init                          0x08006aa4   Section        0  ei_print_comm.o(i.Parallel_Init)
    i.Parallel_Port_EXTI_Init                0x08006ac4   Section        0  parallel_port.o(i.Parallel_Port_EXTI_Init)
    i.Parallel_Port_IO_Init                  0x08006b2c   Section        0  parallel_port.o(i.Parallel_Port_IO_Init)
    i.Parallel_Port_Init                     0x08006bb4   Section        0  parallel_port.o(i.Parallel_Port_Init)
    i.Per_Second_Event_Deal                  0x08006bc0   Section        0  timer.o(i.Per_Second_Event_Deal)
    i.Power_485_Init                         0x08006c38   Section        0  sys_init.o(i.Power_485_Init)
    i.RCC_AHBPeriphClockCmd                  0x08006d38   Section        0  stm32f0xx_rcc.o(i.RCC_AHBPeriphClockCmd)
    i.RCC_APB1PeriphClockCmd                 0x08006d58   Section        0  stm32f0xx_rcc.o(i.RCC_APB1PeriphClockCmd)
    i.RCC_APB2PeriphClockCmd                 0x08006d78   Section        0  stm32f0xx_rcc.o(i.RCC_APB2PeriphClockCmd)
    i.RS232_Task                             0x08006d98   Section        0  controller.o(i.RS232_Task)
    i.RS232_Uart_Init                        0x08006e10   Section        0  uart.o(i.RS232_Uart_Init)
    i.RS485_Task                             0x08007018   Section        0  controller.o(i.RS485_Task)
    i.RS485_Uart_Init                        0x08007028   Section        0  uart.o(i.RS485_Uart_Init)
    i.RTC_Bcd2ToByte                         0x0800729c   Section        0  stm32f0xx_rtc.o(i.RTC_Bcd2ToByte)
    RTC_Bcd2ToByte                           0x0800729d   Thumb Code    26  stm32f0xx_rtc.o(i.RTC_Bcd2ToByte)
    i.RTC_ByteToBcd2                         0x080072b6   Section        0  stm32f0xx_rtc.o(i.RTC_ByteToBcd2)
    RTC_ByteToBcd2                           0x080072b7   Thumb Code    28  stm32f0xx_rtc.o(i.RTC_ByteToBcd2)
    i.RTC_EnterInitMode                      0x080072d4   Section        0  stm32f0xx_rtc.o(i.RTC_EnterInitMode)
    i.RTC_ExitInitMode                       0x0800732c   Section        0  stm32f0xx_rtc.o(i.RTC_ExitInitMode)
    i.RTC_GetDate                            0x08007340   Section        0  stm32f0xx_rtc.o(i.RTC_GetDate)
    i.RTC_GetTime                            0x080073a0   Section        0  stm32f0xx_rtc.o(i.RTC_GetTime)
    i.RTC_Get_PowerOff_Time                  0x080073fc   Section        0  rtc.o(i.RTC_Get_PowerOff_Time)
    i.RTC_ReadBackupRegister                 0x08007450   Section        0  stm32f0xx_rtc.o(i.RTC_ReadBackupRegister)
    i.RTC_SetDate                            0x08007470   Section        0  stm32f0xx_rtc.o(i.RTC_SetDate)
    i.RTC_SetTime                            0x08007540   Section        0  stm32f0xx_rtc.o(i.RTC_SetTime)
    i.RTC_TimeRegulate                       0x08007618   Section        0  rtc.o(i.RTC_TimeRegulate)
    i.RTC_WaitForSynchro                     0x08007680   Section        0  stm32f0xx_rtc.o(i.RTC_WaitForSynchro)
    i.RTC_WriteBackupRegister                0x080076ec   Section        0  stm32f0xx_rtc.o(i.RTC_WriteBackupRegister)
    i.Read_Bit_Reg                           0x08007708   Section        0  pc_comm.o(i.Read_Bit_Reg)
    i.Read_Byte_Reg                          0x08007878   Section        0  pc_comm.o(i.Read_Byte_Reg)
    i.Read_IO_Voltage                        0x08007930   Section        0  parallel_port.o(i.Read_IO_Voltage)
    i.Read_Module_Info                       0x08007a24   Section        0  ts.o(i.Read_Module_Info)
    i.Read_Mul_Byte_Reg                      0x08007acc   Section        0  pc_comm.o(i.Read_Mul_Byte_Reg)
    i.Read_Mul_Byte_Reg_Para_Inf             0x08007e1c   Section        0  pc_comm.o(i.Read_Mul_Byte_Reg_Para_Inf)
    i.Read_MutBlock_Reg                      0x08007e48   Section        0  pc_comm.o(i.Read_MutBlock_Reg)
    i.Read_MutBlock_Reg_Record               0x08007e80   Section        0  pc_comm.o(i.Read_MutBlock_Reg_Record)
    i.Read_Special_Comm                      0x08008008   Section        0  pc_comm.o(i.Read_Special_Comm)
    i.Record_Controler_If_Event              0x08008124   Section        0  record_status.o(i.Record_Controler_If_Event)
    i.Record_Save                            0x08008164   Section        0  record_manage.o(i.Record_Save)
    i.Recover_Factory_Set                    0x08008278   Section        0  sys_init.o(i.Recover_Factory_Set)
    i.SPI1_ReadWriteByte                     0x080082f0   Section        0  ex_flash.o(i.SPI1_ReadWriteByte)
    i.SPI_Cmd                                0x08008348   Section        0  stm32f0xx_spi.o(i.SPI_Cmd)
    i.SPI_Flash_Init                         0x08008364   Section        0  ex_flash.o(i.SPI_Flash_Init)
    i.SPI_I2S_GetFlagStatus                  0x08008448   Section        0  stm32f0xx_spi.o(i.SPI_I2S_GetFlagStatus)
    i.SPI_Init                               0x0800845c   Section        0  stm32f0xx_spi.o(i.SPI_Init)
    i.SPI_ReceiveData8                       0x080084b4   Section        0  stm32f0xx_spi.o(i.SPI_ReceiveData8)
    i.SPI_RxFIFOThresholdConfig              0x080084c0   Section        0  stm32f0xx_spi.o(i.SPI_RxFIFOThresholdConfig)
    i.SPI_SendData8                          0x080084d4   Section        0  stm32f0xx_spi.o(i.SPI_SendData8)
    i.SYSCFG_EXTILineConfig                  0x080084e0   Section        0  stm32f0xx_syscfg.o(i.SYSCFG_EXTILineConfig)
    i.SYSCFG_MemoryRemapConfig               0x08008520   Section        0  stm32f0xx_syscfg.o(i.SYSCFG_MemoryRemapConfig)
    i.Save_Fault_Info_EI_PRT_B               0x0800853c   Section        0  ei_print_comm.o(i.Save_Fault_Info_EI_PRT_B)
    i.Save_Fire_Info_EI_PRT_B                0x08008c44   Section        0  ei_print_comm.o(i.Save_Fire_Info_EI_PRT_B)
    i.Save_Trans_Equip_Info                  0x08009298   Section        0  controller.o(i.Save_Trans_Equip_Info)
    i.Send_Event_To_TransEq                  0x080092f4   Section        0  pc_comm.o(i.Send_Event_To_TransEq)
    i.SetSysClock                            0x08009344   Section        0  system_stm32f0xx.o(i.SetSysClock)
    SetSysClock                              0x08009345   Thumb Code   206  system_stm32f0xx.o(i.SetSysClock)
    i.Set_RTC_Time                           0x0800941c   Section        0  rtc.o(i.Set_RTC_Time)
    i.Slave_Info_Send                        0x08009468   Section        0  ts.o(i.Slave_Info_Send)
    i.Slave_Prepare_Answer                   0x0800965c   Section        0  ts.o(i.Slave_Prepare_Answer)
    i.Soft_Reset                             0x080096e0   Section        0  sys_init.o(i.Soft_Reset)
    i.SystemInit                             0x08009700   Section        0  system_stm32f0xx.o(i.SystemInit)
    i.System_Initialize                      0x08009798   Section        0  sys_init.o(i.System_Initialize)
    i.TIM14_IRQHandler                       0x080097a8   Section        0  timer.o(i.TIM14_IRQHandler)
    i.TIM_BDTRConfig                         0x08009850   Section        0  stm32f0xx_tim.o(i.TIM_BDTRConfig)
    i.TIM_ClearITPendingBit                  0x08009870   Section        0  stm32f0xx_tim.o(i.TIM_ClearITPendingBit)
    i.TIM_Cmd                                0x08009878   Section        0  stm32f0xx_tim.o(i.TIM_Cmd)
    i.TIM_CtrlPWMOutputs                     0x08009894   Section        0  stm32f0xx_tim.o(i.TIM_CtrlPWMOutputs)
    i.TIM_GetITStatus                        0x080098b6   Section        0  stm32f0xx_tim.o(i.TIM_GetITStatus)
    i.TIM_ITConfig                           0x080098dc   Section        0  stm32f0xx_tim.o(i.TIM_ITConfig)
    i.TIM_OC1Init                            0x080098f0   Section        0  stm32f0xx_tim.o(i.TIM_OC1Init)
    i.TIM_OC2Init                            0x08009984   Section        0  stm32f0xx_tim.o(i.TIM_OC2Init)
    i.TIM_OC3Init                            0x08009a20   Section        0  stm32f0xx_tim.o(i.TIM_OC3Init)
    i.TIM_TimeBaseInit                       0x08009ab8   Section        0  stm32f0xx_tim.o(i.TIM_TimeBaseInit)
    i.TS_Get_Controller_Data                 0x08009b34   Section        0  ts.o(i.TS_Get_Controller_Data)
    i.TS_Send_Event                          0x08009bbc   Section        0  ei_print_comm.o(i.TS_Send_Event)
    i.TS_Send_Heart_Poll                     0x08009cc8   Section        0  ei_print_comm.o(i.TS_Send_Heart_Poll)
    i.Timer14_Init                           0x08009dac   Section        0  timer.o(i.Timer14_Init)
    i.USART2_IRQHandler                      0x08009dfc   Section        0  uart.o(i.USART2_IRQHandler)
    i.USART_Cmd                              0x08009e64   Section        0  stm32f0xx_usart.o(i.USART_Cmd)
    i.USART_GetITStatus                      0x08009e7c   Section        0  stm32f0xx_usart.o(i.USART_GetITStatus)
    i.USART_ITConfig                         0x08009eca   Section        0  stm32f0xx_usart.o(i.USART_ITConfig)
    i.Uart_Slave_Prepare_Send                0x08009f0c   Section        0  pc_comm.o(i.Uart_Slave_Prepare_Send)
    i.Uart_Slaves_Init_Send                  0x08009f4c   Section        0  pc_comm.o(i.Uart_Slaves_Init_Send)
    i.Uchar_To_Uint16                        0x08009ffc   Section        0  basic.o(i.Uchar_To_Uint16)
    i.Valid_FlashData                        0x0800a00c   Section        0  ex_flash.o(i.Valid_FlashData)
    i.Watch_Dog                              0x0800a0a0   Section        0  sys_init.o(i.Watch_Dog)
    i.Write_Bit_Reg                          0x0800a0a8   Section        0  pc_comm.o(i.Write_Bit_Reg)
    i.Write_Byte_Reg                         0x0800a1ac   Section        0  pc_comm.o(i.Write_Byte_Reg)
    i.Write_Mul_Byte_Reg                     0x0800a4a0   Section        0  pc_comm.o(i.Write_Mul_Byte_Reg)
    i.Write_MutBlock_Reg                     0x0800aa88   Section        0  pc_comm.o(i.Write_MutBlock_Reg)
    i.Write_Special_Comm                     0x0800aa9c   Section        0  pc_comm.o(i.Write_Special_Comm)
    i.__0sprintf$1                           0x0800afd8   Section        0  printf1.o(i.__0sprintf$1)
    i.__ARM_common_switch8                   0x0800b000   Section        0  timer.o(i.__ARM_common_switch8)
    i.__scatterload_copy                     0x0800b01c   Section       14  handlers.o(i.__scatterload_copy)
    i.__scatterload_null                     0x0800b02a   Section        2  handlers.o(i.__scatterload_null)
    i.__scatterload_zeroinit                 0x0800b02c   Section       14  handlers.o(i.__scatterload_zeroinit)
    i._printf_core                           0x0800b03c   Section        0  printf1.o(i._printf_core)
    _printf_core                             0x0800b03d   Thumb Code   332  printf1.o(i._printf_core)
    i._sputc                                 0x0800b18c   Section        0  printf1.o(i._sputc)
    _sputc                                   0x0800b18d   Thumb Code    10  printf1.o(i._sputc)
    i.addr_ID_compare                        0x0800b196   Section        0  basic.o(i.addr_ID_compare)
    i.addr_LA_compare                        0x0800b354   Section        0  basic.o(i.addr_LA_compare)
    i.addr_UC_compare                        0x0800b37e   Section        0  basic.o(i.addr_UC_compare)
    i.addr_compare                           0x0800b3ea   Section        0  basic.o(i.addr_compare)
    i.get_record                             0x0800b43c   Section        0  record_manage.o(i.get_record)
    i.main                                   0x0800b458   Section        0  main.o(i.main)
    .constdata                               0x0800b474   Section        6  sys_init.o(.constdata)
    .constdata                               0x0800b47c   Section      566  uart.o(.constdata)
    .constdata                               0x0800b6b4   Section     4448  record_manage.o(.constdata)
    .constdata                               0x0800c814   Section       24  ex_flash.o(.constdata)
    .conststring                             0x0800c82c   Section     4727  record_manage.o(.conststring)
    .ARM.__AT_0x0801F000                     0x0801f000   Section        4  main.o(.ARM.__AT_0x0801F000)
    .ARM.__AT_0x0801F004                     0x0801f004   Section        4  main.o(.ARM.__AT_0x0801F004)
    .data                                    0x200000c0   Section        2  timer.o(.data)
    .data                                    0x200000c2   Section        6  sys_init.o(.data)
    .data                                    0x200000c8   Section       28  rtc.o(.data)
    .data                                    0x200000e4   Section        2  led.o(.data)
    .data                                    0x200000e8   Section       20  system_stm32f0xx.o(.data)
    .data                                    0x200000fc   Section       18  controller.o(.data)
    .data                                    0x2000010e   Section        9  pc_comm.o(.data)
    ser                                      0x20000113   Data           1  pc_comm.o(.data)
    hard_ver                                 0x20000114   Data           3  pc_comm.o(.data)
    .data                                    0x20000117   Section        5  ex_flash.o(.data)
    is_busy                                  0x2000011b   Data           1  ex_flash.o(.data)
    .data                                    0x2000011c   Section        2  ts.o(.data)
    .data                                    0x2000011e   Section        1  ei_print_comm.o(.data)
    .bss                                     0x20000120   Section       16  timer.o(.bss)
    .bss                                     0x20000130   Section      267  sys_init.o(.bss)
    .bss                                     0x2000023c   Section     1482  uart.o(.bss)
    .bss                                     0x20000806   Section     3662  controller.o(.bss)
    .bss                                     0x20001654   Section       66  pc_comm.o(.bss)
    .bss                                     0x20001696   Section       20  record_manage.o(.bss)
    .bss                                     0x200016aa   Section      514  ts.o(.bss)
    .bss                                     0x200018ac   Section     1820  ei_print_comm.o(.bss)
    STACK                                    0x20001fc8   Section     1024  startup_stm32f0xx.o(STACK)

    Global Symbols

    Symbol Name                              Value     Ov Type        Size  Object(Section)

    BuildAttributes$$THM_ISAv3M$S$PE$A:L22$X:L11$S22$IEEE1$IW$USESV6$~STKCKD$USESV7$~SHL$OSPACE$ROPI$EBA8$MICROLIB$REQ8$PRES8$EABIv2 0x00000000   Number         0  anon$$obj.o ABSOLUTE
    __ARM_use_no_argv                        0x00000000   Number         0  main.o ABSOLUTE
    _printf_a                                0x00000000   Number         0  stubs.o ABSOLUTE
    _printf_c                                0x00000000   Number         0  stubs.o ABSOLUTE
    _printf_charcount                        0x00000000   Number         0  stubs.o ABSOLUTE
    _printf_d                                0x00000000   Number         0  stubs.o ABSOLUTE
    _printf_e                                0x00000000   Number         0  stubs.o ABSOLUTE
    _printf_f                                0x00000000   Number         0  stubs.o ABSOLUTE
    _printf_flags                            0x00000000   Number         0  stubs.o ABSOLUTE
    _printf_fp_dec                           0x00000000   Number         0  stubs.o ABSOLUTE
    _printf_fp_hex                           0x00000000   Number         0  stubs.o ABSOLUTE
    _printf_g                                0x00000000   Number         0  stubs.o ABSOLUTE
    _printf_i                                0x00000000   Number         0  stubs.o ABSOLUTE
    _printf_int_dec                          0x00000000   Number         0  stubs.o ABSOLUTE
    _printf_l                                0x00000000   Number         0  stubs.o ABSOLUTE
    _printf_lc                               0x00000000   Number         0  stubs.o ABSOLUTE
    _printf_ll                               0x00000000   Number         0  stubs.o ABSOLUTE
    _printf_lld                              0x00000000   Number         0  stubs.o ABSOLUTE
    _printf_lli                              0x00000000   Number         0  stubs.o ABSOLUTE
    _printf_llo                              0x00000000   Number         0  stubs.o ABSOLUTE
    _printf_llu                              0x00000000   Number         0  stubs.o ABSOLUTE
    _printf_llx                              0x00000000   Number         0  stubs.o ABSOLUTE
    _printf_longlong_dec                     0x00000000   Number         0  stubs.o ABSOLUTE
    _printf_longlong_hex                     0x00000000   Number         0  stubs.o ABSOLUTE
    _printf_longlong_oct                     0x00000000   Number         0  stubs.o ABSOLUTE
    _printf_ls                               0x00000000   Number         0  stubs.o ABSOLUTE
    _printf_mbtowc                           0x00000000   Number         0  stubs.o ABSOLUTE
    _printf_n                                0x00000000   Number         0  stubs.o ABSOLUTE
    _printf_o                                0x00000000   Number         0  stubs.o ABSOLUTE
    _printf_p                                0x00000000   Number         0  stubs.o ABSOLUTE
    _printf_percent                          0x00000000   Number         0  stubs.o ABSOLUTE
    _printf_pre_padding                      0x00000000   Number         0  stubs.o ABSOLUTE
    _printf_return_value                     0x00000000   Number         0  stubs.o ABSOLUTE
    _printf_s                                0x00000000   Number         0  stubs.o ABSOLUTE
    _printf_sizespec                         0x00000000   Number         0  stubs.o ABSOLUTE
    _printf_str                              0x00000000   Number         0  stubs.o ABSOLUTE
    _printf_truncate_signed                  0x00000000   Number         0  stubs.o ABSOLUTE
    _printf_truncate_unsigned                0x00000000   Number         0  stubs.o ABSOLUTE
    _printf_u                                0x00000000   Number         0  stubs.o ABSOLUTE
    _printf_wc                               0x00000000   Number         0  stubs.o ABSOLUTE
    _printf_wctomb                           0x00000000   Number         0  stubs.o ABSOLUTE
    _printf_widthprec                        0x00000000   Number         0  stubs.o ABSOLUTE
    _printf_x                                0x00000000   Number         0  stubs.o ABSOLUTE
    __cpp_initialize__aeabi_                  - Undefined Weak Reference
    __cxa_finalize                            - Undefined Weak Reference
    __decompress                              - Undefined Weak Reference
    _clock_init                               - Undefined Weak Reference
    _microlib_exit                            - Undefined Weak Reference
    __Vectors_Size                           0x000000c0   Number         0  startup_stm32f0xx.o ABSOLUTE
    __Vectors                                0x08004000   Data           4  startup_stm32f0xx.o(RESET)
    __Vectors_End                            0x080040c0   Data           0  startup_stm32f0xx.o(RESET)
    __main                                   0x080040c1   Thumb Code     0  entry.o(.ARM.Collect$$$$00000000)
    _main_stk                                0x080040c1   Thumb Code     0  entry2.o(.ARM.Collect$$$$00000001)
    _main_scatterload                        0x080040c5   Thumb Code     0  entry5.o(.ARM.Collect$$$$00000004)
    __main_after_scatterload                 0x080040c9   Thumb Code     0  entry5.o(.ARM.Collect$$$$00000004)
    _main_clock                              0x080040c9   Thumb Code     0  entry7b.o(.ARM.Collect$$$$00000008)
    _main_cpp_init                           0x080040c9   Thumb Code     0  entry8b.o(.ARM.Collect$$$$0000000A)
    _main_init                               0x080040c9   Thumb Code     0  entry9a.o(.ARM.Collect$$$$0000000B)
    __rt_final_cpp                           0x080040d1   Thumb Code     0  entry10a.o(.ARM.Collect$$$$0000000D)
    __rt_final_exit                          0x080040d1   Thumb Code     0  entry11a.o(.ARM.Collect$$$$0000000F)
    Reset_Handler                            0x080040d5   Thumb Code    38  startup_stm32f0xx.o(.text)
    NMI_Handler                              0x080040fb   Thumb Code     2  startup_stm32f0xx.o(.text)
    HardFault_Handler                        0x080040fd   Thumb Code     2  startup_stm32f0xx.o(.text)
    SVC_Handler                              0x080040ff   Thumb Code     2  startup_stm32f0xx.o(.text)
    PendSV_Handler                           0x08004101   Thumb Code     2  startup_stm32f0xx.o(.text)
    SysTick_Handler                          0x08004103   Thumb Code     2  startup_stm32f0xx.o(.text)
    ADC1_COMP_IRQHandler                     0x08004105   Thumb Code     0  startup_stm32f0xx.o(.text)
    CEC_IRQHandler                           0x08004105   Thumb Code     0  startup_stm32f0xx.o(.text)
    DMA1_Channel1_IRQHandler                 0x08004105   Thumb Code     0  startup_stm32f0xx.o(.text)
    DMA1_Channel2_3_IRQHandler               0x08004105   Thumb Code     0  startup_stm32f0xx.o(.text)
    DMA1_Channel4_5_IRQHandler               0x08004105   Thumb Code     0  startup_stm32f0xx.o(.text)
    EXTI0_1_IRQHandler                       0x08004105   Thumb Code     0  startup_stm32f0xx.o(.text)
    EXTI2_3_IRQHandler                       0x08004105   Thumb Code     0  startup_stm32f0xx.o(.text)
    FLASH_IRQHandler                         0x08004105   Thumb Code     0  startup_stm32f0xx.o(.text)
    I2C1_IRQHandler                          0x08004105   Thumb Code     0  startup_stm32f0xx.o(.text)
    I2C2_IRQHandler                          0x08004105   Thumb Code     0  startup_stm32f0xx.o(.text)
    PVD_IRQHandler                           0x08004105   Thumb Code     0  startup_stm32f0xx.o(.text)
    RCC_IRQHandler                           0x08004105   Thumb Code     0  startup_stm32f0xx.o(.text)
    RTC_IRQHandler                           0x08004105   Thumb Code     0  startup_stm32f0xx.o(.text)
    SPI1_IRQHandler                          0x08004105   Thumb Code     0  startup_stm32f0xx.o(.text)
    SPI2_IRQHandler                          0x08004105   Thumb Code     0  startup_stm32f0xx.o(.text)
    TIM15_IRQHandler                         0x08004105   Thumb Code     0  startup_stm32f0xx.o(.text)
    TIM16_IRQHandler                         0x08004105   Thumb Code     0  startup_stm32f0xx.o(.text)
    TIM17_IRQHandler                         0x08004105   Thumb Code     0  startup_stm32f0xx.o(.text)
    TIM1_BRK_UP_TRG_COM_IRQHandler           0x08004105   Thumb Code     0  startup_stm32f0xx.o(.text)
    TIM1_CC_IRQHandler                       0x08004105   Thumb Code     0  startup_stm32f0xx.o(.text)
    TIM2_IRQHandler                          0x08004105   Thumb Code     0  startup_stm32f0xx.o(.text)
    TIM3_IRQHandler                          0x08004105   Thumb Code     0  startup_stm32f0xx.o(.text)
    TIM6_DAC_IRQHandler                      0x08004105   Thumb Code     0  startup_stm32f0xx.o(.text)
    TS_IRQHandler                            0x08004105   Thumb Code     0  startup_stm32f0xx.o(.text)
    USART1_IRQHandler                        0x08004105   Thumb Code     0  startup_stm32f0xx.o(.text)
    USART3_4_IRQHandler                      0x08004105   Thumb Code     0  startup_stm32f0xx.o(.text)
    WWDG_IRQHandler                          0x08004105   Thumb Code     0  startup_stm32f0xx.o(.text)
    __aeabi_uidiv                            0x0800412d   Thumb Code     0  uidiv.o(.text)
    __aeabi_uidivmod                         0x0800412d   Thumb Code    44  uidiv.o(.text)
    __aeabi_idiv                             0x08004159   Thumb Code     0  idiv.o(.text)
    __aeabi_idivmod                          0x08004159   Thumb Code    40  idiv.o(.text)
    ___aeabi_memcpy8$move                    0x08004181   Thumb Code     0  memmovea.o(.text)
    __aeabi_memcpy                           0x08004181   Thumb Code    64  memmovea.o(.text)
    __aeabi_memcpy4                          0x08004181   Thumb Code     0  memmovea.o(.text)
    __aeabi_memmove                          0x08004181   Thumb Code     0  memmovea.o(.text)
    __aeabi_memmove4                         0x08004181   Thumb Code     0  memmovea.o(.text)
    __aeabi_memmove8                         0x08004181   Thumb Code     0  memmovea.o(.text)
    __aeabi_memset                           0x080041c1   Thumb Code    14  memseta.o(.text)
    __aeabi_memset4                          0x080041c1   Thumb Code     0  memseta.o(.text)
    __aeabi_memset8                          0x080041c1   Thumb Code     0  memseta.o(.text)
    __aeabi_memclr                           0x080041cf   Thumb Code     4  memseta.o(.text)
    __aeabi_memclr4                          0x080041cf   Thumb Code     0  memseta.o(.text)
    __aeabi_memclr8                          0x080041cf   Thumb Code     0  memseta.o(.text)
    _memset$wrapper                          0x080041d3   Thumb Code    18  memseta.o(.text)
    strstr                                   0x080041e5   Thumb Code    40  strstr.o(.text)
    memcmp                                   0x0800420d   Thumb Code    26  memcmp.o(.text)
    __scatterload                            0x08004229   Thumb Code    28  init.o(.text)
    __scatterload_rt2                        0x08004229   Thumb Code     0  init.o(.text)
    Abnormal_Ans_Process                     0x0800424d   Thumb Code   100  pc_comm.o(i.Abnormal_Ans_Process)
    Analyse_Info_TS                          0x080042b5   Thumb Code   724  ts.o(i.Analyse_Info_TS)
    Ans_Process_Comm_Ans                     0x08004595   Thumb Code   248  pc_comm.o(i.Ans_Process_Comm_Ans)
    Ans_Process_Normal                       0x08004691   Thumb Code   248  pc_comm.o(i.Ans_Process_Normal)
    Ans_Process_Poll_Normal                  0x0800478d   Thumb Code    62  pc_comm.o(i.Ans_Process_Poll_Normal)
    Ans_Updata_Normal                        0x080047d5   Thumb Code    80  pc_comm.o(i.Ans_Updata_Normal)
    BCD2Hex                                  0x08004829   Thumb Code    20  basic.o(i.BCD2Hex)
    Caculate_CRC                             0x0800483d   Thumb Code    44  ts.o(i.Caculate_CRC)
    Change_Byte                              0x08004871   Thumb Code    62  pc_comm.o(i.Change_Byte)
    CheckSum_Xor                             0x080048b5   Thumb Code    26  ex_flash.o(i.CheckSum_Xor)
    Com_Task_TS                              0x080048d1   Thumb Code   102  ts.o(i.Com_Task_TS)
    Contr_232Uart_Init                       0x08004955   Thumb Code   108  uart.o(i.Contr_232Uart_Init)
    Contr_232Uart_Sta_Switch                 0x080049cd   Thumb Code    38  uart.o(i.Contr_232Uart_Sta_Switch)
    Contr_485Uart_Init                       0x080049f5   Thumb Code   104  uart.o(i.Contr_485Uart_Init)
    Contr_485Uart_Sta_Switch                 0x08004a69   Thumb Code    50  uart.o(i.Contr_485Uart_Sta_Switch)
    Controller_Com                           0x08004a9b   Thumb Code    16  controller.o(i.Controller_Com)
    Controller_Com_Event_Save                0x08004aad   Thumb Code   214  ts.o(i.Controller_Com_Event_Save)
    Controller_Data_Init                     0x08004b95   Thumb Code    24  controller.o(i.Controller_Data_Init)
    Controller_Uart_Init                     0x08004bb9   Thumb Code    28  controller.o(i.Controller_Uart_Init)
    Controller_Uart_Rec_Data                 0x08004bd5   Thumb Code    40  uart.o(i.Controller_Uart_Rec_Data)
    Controller_Uart_Send_Data                0x08004bfd   Thumb Code   120  uart.o(i.Controller_Uart_Send_Data)
    Data_Deal_Task                           0x08004c7d   Thumb Code    42  ei_print_comm.o(i.Data_Deal_Task)
    Delete_All_Record                        0x08004cb5   Thumb Code    48  record_manage.o(i.Delete_All_Record)
    Dev_Frame_Analyse                        0x08004ced   Thumb Code   928  pc_comm.o(i.Dev_Frame_Analyse)
    Dev_Frame_Handle                         0x0800509d   Thumb Code    44  pc_comm.o(i.Dev_Frame_Handle)
    Dev_Frame_Handle_Self_Comm               0x080050cd   Thumb Code   168  pc_comm.o(i.Dev_Frame_Handle_Self_Comm)
    Dev_Reg_Mode                             0x0800517d   Thumb Code   102  pc_comm.o(i.Dev_Reg_Mode)
    Dev_Reg_Mode_1BYTE                       0x080051e9   Thumb Code    84  pc_comm.o(i.Dev_Reg_Mode_1BYTE)
    Dev_Reg_Mode_2BYTE                       0x08005241   Thumb Code   134  pc_comm.o(i.Dev_Reg_Mode_2BYTE)
    Dev_Reg_Mode_NBLOCK                      0x080052cd   Thumb Code   366  pc_comm.o(i.Dev_Reg_Mode_NBLOCK)
    Dev_Reg_Mode_NBYTE                       0x08005441   Thumb Code   418  pc_comm.o(i.Dev_Reg_Mode_NBYTE)
    Do_Event_Upload                          0x080055e9   Thumb Code    86  ei_print_comm.o(i.Do_Event_Upload)
    EXTI4_15_IRQHandler                      0x08005645   Thumb Code    28  parallel_port.o(i.EXTI4_15_IRQHandler)
    EXTI_ClearITPendingBit                   0x08005661   Thumb Code     6  stm32f0xx_exti.o(i.EXTI_ClearITPendingBit)
    EXTI_Init                                0x0800566d   Thumb Code   132  stm32f0xx_exti.o(i.EXTI_Init)
    Find_Info_Upload                         0x080056f5   Thumb Code   102  ts.o(i.Find_Info_Upload)
    Find_Module_Msg                          0x08005765   Thumb Code    58  ts.o(i.Find_Module_Msg)
    Flash_Blank_Check                        0x080057a9   Thumb Code    58  ex_flash.o(i.Flash_Blank_Check)
    Flash_Delete_Info_Item                   0x080057e9   Thumb Code    86  ex_flash.o(i.Flash_Delete_Info_Item)
    Flash_Enable_Write                       0x08005851   Thumb Code    38  ex_flash.o(i.Flash_Enable_Write)
    Flash_Erase_3Addr                        0x0800587d   Thumb Code    36  ex_flash.o(i.Flash_Erase_3Addr)
    Flash_Error                              0x080058a1   Thumb Code    20  ex_flash.o(i.Flash_Error)
    Flash_Init                               0x080058b9   Thumb Code    14  ex_flash.o(i.Flash_Init)
    Flash_Load_Info                          0x080058cd   Thumb Code   240  ex_flash.o(i.Flash_Load_Info)
    Flash_Page_Program                       0x080059d1   Thumb Code   108  ex_flash.o(i.Flash_Page_Program)
    Flash_RWrite_String                      0x08005a41   Thumb Code   108  ex_flash.o(i.Flash_RWrite_String)
    Flash_Read_3String                       0x08005ab1   Thumb Code   198  ex_flash.o(i.Flash_Read_3String)
    Flash_Read_Status_Register               0x08005b79   Thumb Code    48  ex_flash.o(i.Flash_Read_Status_Register)
    Flash_Read_String                        0x08005bad   Thumb Code    86  ex_flash.o(i.Flash_Read_String)
    Flash_Save_Info                          0x08005c09   Thumb Code   456  ex_flash.o(i.Flash_Save_Info)
    Flash_Sector_Erase                       0x08005ded   Thumb Code    78  ex_flash.o(i.Flash_Sector_Erase)
    Flash_Wait_Flash_Idle                    0x08005e41   Thumb Code    52  ex_flash.o(i.Flash_Wait_Flash_Idle)
    Flash_Write_3String                      0x08005e79   Thumb Code    38  ex_flash.o(i.Flash_Write_3String)
    Flash_Write_String                       0x08005e9f   Thumb Code   164  ex_flash.o(i.Flash_Write_String)
    Flash_Written_Check                      0x08005f43   Thumb Code    48  ex_flash.o(i.Flash_Written_Check)
    Flash_disable_Write                      0x08005f75   Thumb Code    38  ex_flash.o(i.Flash_disable_Write)
    Frame_Len_Anslyse                        0x08005fa1   Thumb Code    76  pc_comm.o(i.Frame_Len_Anslyse)
    GPIO_Init                                0x08005ff1   Thumb Code   144  stm32f0xx_gpio.o(i.GPIO_Init)
    GPIO_PinAFConfig                         0x08006081   Thumb Code    68  stm32f0xx_gpio.o(i.GPIO_PinAFConfig)
    GPIO_ReadInputDataBit                    0x080060c5   Thumb Code    20  stm32f0xx_gpio.o(i.GPIO_ReadInputDataBit)
    GPIO_ResetBits                           0x080060d9   Thumb Code     4  stm32f0xx_gpio.o(i.GPIO_ResetBits)
    GPIO_SetBits                             0x080060dd   Thumb Code     4  stm32f0xx_gpio.o(i.GPIO_SetBits)
    Get_EventTypeGroup                       0x080060e1   Thumb Code    58  record_manage.o(i.Get_EventTypeGroup)
    Get_Event_Type_Number                    0x08006125   Thumb Code     6  record_manage.o(i.Get_Event_Type_Number)
    Get_Item_To_Wr                           0x0800612d   Thumb Code   126  ex_flash.o(i.Get_Item_To_Wr)
    Get_Parallel_Data                        0x080061b9   Thumb Code    44  parallel_port.o(i.Get_Parallel_Data)
    Get_RTC_Time                             0x080061e5   Thumb Code    92  rtc.o(i.Get_RTC_Time)
    Handle_Ei_Pri_B                          0x08006249   Thumb Code    60  ei_print_comm.o(i.Handle_Ei_Pri_B)
    Hex2BCD                                  0x08006299   Thumb Code    30  basic.o(i.Hex2BCD)
    HexToBCD                                 0x080062b7   Thumb Code    56  controller.o(i.HexToBCD)
    Hex_To_BasicUC                           0x080062ef   Thumb Code    70  controller.o(i.Hex_To_BasicUC)
    IWDG_Enable                              0x08006335   Thumb Code     8  stm32f0xx_iwdg.o(i.IWDG_Enable)
    IWDG_ReloadCounter                       0x08006345   Thumb Code     8  stm32f0xx_iwdg.o(i.IWDG_ReloadCounter)
    IWDG_SetPrescaler                        0x08006355   Thumb Code     6  stm32f0xx_iwdg.o(i.IWDG_SetPrescaler)
    IWDG_SetReload                           0x08006361   Thumb Code     6  stm32f0xx_iwdg.o(i.IWDG_SetReload)
    IWDG_WriteAccessCmd                      0x0800636d   Thumb Code     6  stm32f0xx_iwdg.o(i.IWDG_WriteAccessCmd)
    Init_Config                              0x08006379   Thumb Code   286  sys_init.o(i.Init_Config)
    Init_WATCHDOG                            0x080064a5   Thumb Code    30  sys_init.o(i.Init_WATCHDOG)
    Led_Init                                 0x080064cd   Thumb Code   100  led.o(i.Led_Init)
    McuCoreConfig                            0x08006535   Thumb Code    44  sys_init.o(i.McuCoreConfig)
    Mcu_Data_Init                            0x08006565   Thumb Code    16  sys_init.o(i.Mcu_Data_Init)
    Mcu_Hard_Init                            0x08006575   Thumb Code    34  sys_init.o(i.Mcu_Hard_Init)
    MemoryCpyInvert                          0x08006597   Thumb Code    58  basic.o(i.MemoryCpyInvert)
    Module_Msg_Send_Fal                      0x080065d1   Thumb Code     8  ts.o(i.Module_Msg_Send_Fal)
    Module_Msg_Send_Suc                      0x080065dd   Thumb Code    16  ts.o(i.Module_Msg_Send_Suc)
    Monitor_Controller_Fault_Eliminate       0x080065f1   Thumb Code     2  controller.o(i.Monitor_Controller_Fault_Eliminate)
    Monitor_Controller_Slave_Uart            0x080065f5   Thumb Code    76  controller.o(i.Monitor_Controller_Slave_Uart)
    Monitor_Controller_Uart                  0x08006645   Thumb Code    24  controller.o(i.Monitor_Controller_Uart)
    Monitor_Controller_Uart_Timer_Run        0x08006661   Thumb Code    26  controller.o(i.Monitor_Controller_Uart_Timer_Run)
    Monitor_Led                              0x08006681   Thumb Code     2  led.o(i.Monitor_Led)
    Monitor_Task                             0x08006685   Thumb Code   130  timer.o(i.Monitor_Task)
    Monitor_Trans_Equip_Fault_Eliminate      0x08006719   Thumb Code    44  controller.o(i.Monitor_Trans_Equip_Fault_Eliminate)
    Monitor_Updata                           0x08006751   Thumb Code    64  controller.o(i.Monitor_Updata)
    NVIC_Init                                0x08006799   Thumb Code   106  stm32f0xx_misc.o(i.NVIC_Init)
    Off_Led_Contor                           0x08006809   Thumb Code     2  led.o(i.Off_Led_Contor)
    Off_Led_Error                            0x0800680d   Thumb Code    34  led.o(i.Off_Led_Error)
    Off_Led_REC                              0x08006841   Thumb Code    12  led.o(i.Off_Led_REC)
    Off_Led_SEND                             0x0800684d   Thumb Code    12  led.o(i.Off_Led_SEND)
    On_Led_Contor                            0x08006859   Thumb Code     2  led.o(i.On_Led_Contor)
    On_Led_Error                             0x0800685d   Thumb Code    10  led.o(i.On_Led_Error)
    On_Led_REC                               0x0800686d   Thumb Code     8  led.o(i.On_Led_REC)
    On_Led_SEND                              0x08006879   Thumb Code     8  led.o(i.On_Led_SEND)
    PWR_BackupAccessCmd                      0x08006885   Thumb Code    36  stm32f0xx_pwr.o(i.PWR_BackupAccessCmd)
    Parall_Data_Analyse                      0x080068ad   Thumb Code   448  ei_print_comm.o(i.Parall_Data_Analyse)
    Parall_Uart_Rec_Data                     0x08006a75   Thumb Code    42  ei_print_comm.o(i.Parall_Uart_Rec_Data)
    Parallel_Init                            0x08006aa5   Thumb Code    18  ei_print_comm.o(i.Parallel_Init)
    Parallel_Port_EXTI_Init                  0x08006ac5   Thumb Code   100  parallel_port.o(i.Parallel_Port_EXTI_Init)
    Parallel_Port_IO_Init                    0x08006b2d   Thumb Code   126  parallel_port.o(i.Parallel_Port_IO_Init)
    Parallel_Port_Init                       0x08006bb5   Thumb Code    12  parallel_port.o(i.Parallel_Port_Init)
    Per_Second_Event_Deal                    0x08006bc1   Thumb Code   108  timer.o(i.Per_Second_Event_Deal)
    Power_485_Init                           0x08006c39   Thumb Code   240  sys_init.o(i.Power_485_Init)
    RCC_AHBPeriphClockCmd                    0x08006d39   Thumb Code    28  stm32f0xx_rcc.o(i.RCC_AHBPeriphClockCmd)
    RCC_APB1PeriphClockCmd                   0x08006d59   Thumb Code    28  stm32f0xx_rcc.o(i.RCC_APB1PeriphClockCmd)
    RCC_APB2PeriphClockCmd                   0x08006d79   Thumb Code    28  stm32f0xx_rcc.o(i.RCC_APB2PeriphClockCmd)
    RS232_Task                               0x08006d99   Thumb Code   106  controller.o(i.RS232_Task)
    RS232_Uart_Init                          0x08006e11   Thumb Code   502  uart.o(i.RS232_Uart_Init)
    RS485_Task                               0x08007019   Thumb Code    10  controller.o(i.RS485_Task)
    RS485_Uart_Init                          0x08007029   Thumb Code   606  uart.o(i.RS485_Uart_Init)
    RTC_EnterInitMode                        0x080072d5   Thumb Code    82  stm32f0xx_rtc.o(i.RTC_EnterInitMode)
    RTC_ExitInitMode                         0x0800732d   Thumb Code    14  stm32f0xx_rtc.o(i.RTC_ExitInitMode)
    RTC_GetDate                              0x08007341   Thumb Code    88  stm32f0xx_rtc.o(i.RTC_GetDate)
    RTC_GetTime                              0x080073a1   Thumb Code    84  stm32f0xx_rtc.o(i.RTC_GetTime)
    RTC_Get_PowerOff_Time                    0x080073fd   Thumb Code    84  rtc.o(i.RTC_Get_PowerOff_Time)
    RTC_ReadBackupRegister                   0x08007451   Thumb Code    26  stm32f0xx_rtc.o(i.RTC_ReadBackupRegister)
    RTC_SetDate                              0x08007471   Thumb Code   198  stm32f0xx_rtc.o(i.RTC_SetDate)
    RTC_SetTime                              0x08007541   Thumb Code   208  stm32f0xx_rtc.o(i.RTC_SetTime)
    RTC_TimeRegulate                         0x08007619   Thumb Code    90  rtc.o(i.RTC_TimeRegulate)
    RTC_WaitForSynchro                       0x08007681   Thumb Code   104  stm32f0xx_rtc.o(i.RTC_WaitForSynchro)
    RTC_WriteBackupRegister                  0x080076ed   Thumb Code    24  stm32f0xx_rtc.o(i.RTC_WriteBackupRegister)
    Read_Bit_Reg                             0x08007709   Thumb Code   352  pc_comm.o(i.Read_Bit_Reg)
    Read_Byte_Reg                            0x08007879   Thumb Code   154  pc_comm.o(i.Read_Byte_Reg)
    Read_IO_Voltage                          0x08007931   Thumb Code   234  parallel_port.o(i.Read_IO_Voltage)
    Read_Module_Info                         0x08007a25   Thumb Code   164  ts.o(i.Read_Module_Info)
    Read_Mul_Byte_Reg                        0x08007acd   Thumb Code   830  pc_comm.o(i.Read_Mul_Byte_Reg)
    Read_Mul_Byte_Reg_Para_Inf               0x08007e1d   Thumb Code    40  pc_comm.o(i.Read_Mul_Byte_Reg_Para_Inf)
    Read_MutBlock_Reg                        0x08007e49   Thumb Code    44  pc_comm.o(i.Read_MutBlock_Reg)
    Read_MutBlock_Reg_Record                 0x08007e81   Thumb Code   384  pc_comm.o(i.Read_MutBlock_Reg_Record)
    Read_Special_Comm                        0x08008009   Thumb Code   254  pc_comm.o(i.Read_Special_Comm)
    Record_Controler_If_Event                0x08008125   Thumb Code    64  record_status.o(i.Record_Controler_If_Event)
    Record_Save                              0x08008165   Thumb Code   250  record_manage.o(i.Record_Save)
    Recover_Factory_Set                      0x08008279   Thumb Code   114  sys_init.o(i.Recover_Factory_Set)
    SPI1_ReadWriteByte                       0x080082f1   Thumb Code    84  ex_flash.o(i.SPI1_ReadWriteByte)
    SPI_Cmd                                  0x08008349   Thumb Code    24  stm32f0xx_spi.o(i.SPI_Cmd)
    SPI_Flash_Init                           0x08008365   Thumb Code   218  ex_flash.o(i.SPI_Flash_Init)
    SPI_I2S_GetFlagStatus                    0x08008449   Thumb Code    20  stm32f0xx_spi.o(i.SPI_I2S_GetFlagStatus)
    SPI_Init                                 0x0800845d   Thumb Code    76  stm32f0xx_spi.o(i.SPI_Init)
    SPI_ReceiveData8                         0x080084b5   Thumb Code    12  stm32f0xx_spi.o(i.SPI_ReceiveData8)
    SPI_RxFIFOThresholdConfig                0x080084c1   Thumb Code    16  stm32f0xx_spi.o(i.SPI_RxFIFOThresholdConfig)
    SPI_SendData8                            0x080084d5   Thumb Code    10  stm32f0xx_spi.o(i.SPI_SendData8)
    SYSCFG_EXTILineConfig                    0x080084e1   Thumb Code    60  stm32f0xx_syscfg.o(i.SYSCFG_EXTILineConfig)
    SYSCFG_MemoryRemapConfig                 0x08008521   Thumb Code    24  stm32f0xx_syscfg.o(i.SYSCFG_MemoryRemapConfig)
    Save_Fault_Info_EI_PRT_B                 0x0800853d   Thumb Code  1798  ei_print_comm.o(i.Save_Fault_Info_EI_PRT_B)
    Save_Fire_Info_EI_PRT_B                  0x08008c45   Thumb Code  1620  ei_print_comm.o(i.Save_Fire_Info_EI_PRT_B)
    Save_Trans_Equip_Info                    0x08009299   Thumb Code    74  controller.o(i.Save_Trans_Equip_Info)
    Send_Event_To_TransEq                    0x080092f5   Thumb Code    70  pc_comm.o(i.Send_Event_To_TransEq)
    Set_RTC_Time                             0x0800941d   Thumb Code    74  rtc.o(i.Set_RTC_Time)
    Slave_Info_Send                          0x08009469   Thumb Code   482  ts.o(i.Slave_Info_Send)
    Slave_Prepare_Answer                     0x0800965d   Thumb Code   120  ts.o(i.Slave_Prepare_Answer)
    Soft_Reset                               0x080096e1   Thumb Code    22  sys_init.o(i.Soft_Reset)
    SystemInit                               0x08009701   Thumb Code   130  system_stm32f0xx.o(i.SystemInit)
    System_Initialize                        0x08009799   Thumb Code    16  sys_init.o(i.System_Initialize)
    TIM14_IRQHandler                         0x080097a9   Thumb Code   146  timer.o(i.TIM14_IRQHandler)
    TIM_BDTRConfig                           0x08009851   Thumb Code    32  stm32f0xx_tim.o(i.TIM_BDTRConfig)
    TIM_ClearITPendingBit                    0x08009871   Thumb Code     6  stm32f0xx_tim.o(i.TIM_ClearITPendingBit)
    TIM_Cmd                                  0x08009879   Thumb Code    24  stm32f0xx_tim.o(i.TIM_Cmd)
    TIM_CtrlPWMOutputs                       0x08009895   Thumb Code    34  stm32f0xx_tim.o(i.TIM_CtrlPWMOutputs)
    TIM_GetITStatus                          0x080098b7   Thumb Code    38  stm32f0xx_tim.o(i.TIM_GetITStatus)
    TIM_ITConfig                             0x080098dd   Thumb Code    20  stm32f0xx_tim.o(i.TIM_ITConfig)
    TIM_OC1Init                              0x080098f1   Thumb Code   122  stm32f0xx_tim.o(i.TIM_OC1Init)
    TIM_OC2Init                              0x08009985   Thumb Code   130  stm32f0xx_tim.o(i.TIM_OC2Init)
    TIM_OC3Init                              0x08009a21   Thumb Code   124  stm32f0xx_tim.o(i.TIM_OC3Init)
    TIM_TimeBaseInit                         0x08009ab9   Thumb Code    90  stm32f0xx_tim.o(i.TIM_TimeBaseInit)
    TS_Get_Controller_Data                   0x08009b35   Thumb Code   122  ts.o(i.TS_Get_Controller_Data)
    TS_Send_Event                            0x08009bbd   Thumb Code   248  ei_print_comm.o(i.TS_Send_Event)
    TS_Send_Heart_Poll                       0x08009cc9   Thumb Code   216  ei_print_comm.o(i.TS_Send_Heart_Poll)
    Timer14_Init                             0x08009dad   Thumb Code    74  timer.o(i.Timer14_Init)
    USART2_IRQHandler                        0x08009dfd   Thumb Code    86  uart.o(i.USART2_IRQHandler)
    USART_Cmd                                0x08009e65   Thumb Code    24  stm32f0xx_usart.o(i.USART_Cmd)
    USART_GetITStatus                        0x08009e7d   Thumb Code    78  stm32f0xx_usart.o(i.USART_GetITStatus)
    USART_ITConfig                           0x08009ecb   Thumb Code    66  stm32f0xx_usart.o(i.USART_ITConfig)
    Uart_Slave_Prepare_Send                  0x08009f0d   Thumb Code    62  pc_comm.o(i.Uart_Slave_Prepare_Send)
    Uart_Slaves_Init_Send                    0x08009f4d   Thumb Code   158  pc_comm.o(i.Uart_Slaves_Init_Send)
    Uchar_To_Uint16                          0x08009ffd   Thumb Code    14  basic.o(i.Uchar_To_Uint16)
    Valid_FlashData                          0x0800a00d   Thumb Code   134  ex_flash.o(i.Valid_FlashData)
    Watch_Dog                                0x0800a0a1   Thumb Code     8  sys_init.o(i.Watch_Dog)
    Write_Bit_Reg                            0x0800a0a9   Thumb Code   248  pc_comm.o(i.Write_Bit_Reg)
    Write_Byte_Reg                           0x0800a1ad   Thumb Code   734  pc_comm.o(i.Write_Byte_Reg)
    Write_Mul_Byte_Reg                       0x0800a4a1   Thumb Code  1496  pc_comm.o(i.Write_Mul_Byte_Reg)
    Write_MutBlock_Reg                       0x0800aa89   Thumb Code    14  pc_comm.o(i.Write_MutBlock_Reg)
    Write_Special_Comm                       0x0800aa9d   Thumb Code  1318  pc_comm.o(i.Write_Special_Comm)
    __0sprintf$1                             0x0800afd9   Thumb Code    36  printf1.o(i.__0sprintf$1)
    __1sprintf$1                             0x0800afd9   Thumb Code     0  printf1.o(i.__0sprintf$1)
    __2sprintf                               0x0800afd9   Thumb Code     0  printf1.o(i.__0sprintf$1)
    __ARM_common_switch8                     0x0800b001   Thumb Code    28  timer.o(i.__ARM_common_switch8)
    __scatterload_copy                       0x0800b01d   Thumb Code    14  handlers.o(i.__scatterload_copy)
    __scatterload_null                       0x0800b02b   Thumb Code     2  handlers.o(i.__scatterload_null)
    __scatterload_zeroinit                   0x0800b02d   Thumb Code    14  handlers.o(i.__scatterload_zeroinit)
    addr_ID_compare                          0x0800b197   Thumb Code   446  basic.o(i.addr_ID_compare)
    addr_LA_compare                          0x0800b355   Thumb Code    42  basic.o(i.addr_LA_compare)
    addr_UC_compare                          0x0800b37f   Thumb Code   108  basic.o(i.addr_UC_compare)
    addr_compare                             0x0800b3eb   Thumb Code    82  basic.o(i.addr_compare)
    get_record                               0x0800b43d   Thumb Code    28  record_manage.o(i.get_record)
    main                                     0x0800b459   Thumb Code    28  main.o(i.main)
    SOFTWARE_VERSION                         0x0800b474   Data           3  sys_init.o(.constdata)
    HARDWARE_VERSION                         0x0800b477   Data           3  sys_init.o(.constdata)
    auchCRCHi                                0x0800b47c   Data         256  uart.o(.constdata)
    auchCRCLo                                0x0800b57c   Data         256  uart.o(.constdata)
    BAND                                     0x0800b67c   Data          32  uart.o(.constdata)
    DEV_ICO_INVALID_TYPE                     0x0800b6b4   Data          32  record_manage.o(.constdata)
    DEV_ICO_FIRE_ALARM_CONTROL_UNITS         0x0800b6d4   Data          32  record_manage.o(.constdata)
    DEV_ICO_ELECTRIC_FIRE_CONTROL_UNITS      0x0800b6f4   Data          32  record_manage.o(.constdata)
    DEV_ICO_COMBUSTIBLE_GAS_CONTROL_UNITS    0x0800b714   Data          32  record_manage.o(.constdata)
    DEV_ICO_COMBUSTIBLE_GAS_DETECTOR         0x0800b734   Data          32  record_manage.o(.constdata)
    DEV_ICO_POINT_COMBUSTIBLE_GAS_DETECTOR   0x0800b754   Data          32  record_manage.o(.constdata)
    DEV_ICO_INDEPENDENT_COMBUSTIBLE_GAS_DETECTOR 0x0800b774   Data          32  record_manage.o(.constdata)
    DEV_ICO_LINEAR_COMBUSTIBLE_GAS_DETECTOR  0x0800b794   Data          32  record_manage.o(.constdata)
    DEV_ICO_ELECTRIC_FIRE_DETECTOR           0x0800b7b4   Data          32  record_manage.o(.constdata)
    DEV_ICO_CURRENT_ELECTRIC_FIRE_DETECTOR   0x0800b7d4   Data          32  record_manage.o(.constdata)
    DEV_ICO_HEAT_ELECTRIC_FIRE_DETECTOR      0x0800b7f4   Data          32  record_manage.o(.constdata)
    DEV_ICO_FIRE_INDICATING_PANEL            0x0800b814   Data          32  record_manage.o(.constdata)
    DEV_ICO_MANUAL_FIRE_CALL_POINT           0x0800b834   Data          32  record_manage.o(.constdata)
    DEV_ICO_HYDRANT_POINT                    0x0800b854   Data          32  record_manage.o(.constdata)
    DEV_ICO_AUTOMATIC_POWER                  0x0800b874   Data          32  record_manage.o(.constdata)
    DEV_ICO_HEAT_FIRE_DETECTOR               0x0800b894   Data          32  record_manage.o(.constdata)
    DEV_ICO_POINT_HEAT_FIRE_DETECTOR         0x0800b8b4   Data          32  record_manage.o(.constdata)
    DEV_ICO_POINT_HEAT_DETECTOR_S            0x0800b8d4   Data          32  record_manage.o(.constdata)
    DEV_ICO_POINT_HEAT_DETECTOR_R            0x0800b8f4   Data          32  record_manage.o(.constdata)
    DEV_ICO_LINEAR_HEAT_DETECTOR             0x0800b914   Data          32  record_manage.o(.constdata)
    DEV_ICO_LINEAR_HEAT_DETECTOR_S           0x0800b934   Data          32  record_manage.o(.constdata)
    DEV_ICO_LINEAR_HEAT_DETECTOR_R           0x0800b954   Data          32  record_manage.o(.constdata)
    DEV_ICO_OPTICALFIBER_HEAT_DETECTOR       0x0800b974   Data          32  record_manage.o(.constdata)
    DEV_ICO_SMOKE_DETECTOR                   0x0800b994   Data          32  record_manage.o(.constdata)
    DEV_ICO_POINT_ION_SMOKE_DETECTOR         0x0800b9b4   Data          32  record_manage.o(.constdata)
    DEV_ICO_POINT_LIGHT_SMOKE_DETECTOR       0x0800b9d4   Data          32  record_manage.o(.constdata)
    DEV_ICO_LINEAR_SMOKE_DETECTOR            0x0800b9f4   Data          32  record_manage.o(.constdata)
    DEV_ICO_SNIFF_SMOKE_DETECTOR             0x0800ba14   Data          32  record_manage.o(.constdata)
    DEV_ICO_COMBINATION_SMOKE_HEAT_DETECTOR  0x0800ba34   Data          32  record_manage.o(.constdata)
    DEV_ICO_COMBINATION_LIGHT_HEAT_DETECTOR  0x0800ba54   Data          32  record_manage.o(.constdata)
    DEV_ICO_COMBINATION_LIGHT_SMOKE_DETECTOR 0x0800ba74   Data          32  record_manage.o(.constdata)
    DEV_ICO_ULTRAVIOLET_FLAME_DETECTOR       0x0800ba94   Data          32  record_manage.o(.constdata)
    DEV_ICO_INFRAREDRAY_FLAME_DETECTOR       0x0800bab4   Data          32  record_manage.o(.constdata)
    DEV_ICO_COMBINATIONT_FLAME_DETECTOR      0x0800bad4   Data          32  record_manage.o(.constdata)
    DEV_ICO_OPTICAL_FLAME_DETECTOR           0x0800baf4   Data          32  record_manage.o(.constdata)
    DEV_ICO_GRAPH_DETECTOR                   0x0800bb14   Data          32  record_manage.o(.constdata)
    DEV_ICO_FIRE_EXTINGUISH_CONTROL_UNITS    0x0800bb34   Data          32  record_manage.o(.constdata)
    DEV_ICO_FIRE_ELECTRIC_CONTROL_DEVICE     0x0800bb54   Data          32  record_manage.o(.constdata)
    DEV_ICO_CRT_GRAPH_INDICATOR              0x0800bb74   Data          32  record_manage.o(.constdata)
    DEV_ICO_MODULE                           0x0800bb94   Data          32  record_manage.o(.constdata)
    DEV_ICO_INPUT_MODULE                     0x0800bbb4   Data          32  record_manage.o(.constdata)
    DEV_ICO_OUTPUT_MODULE                    0x0800bbd4   Data          32  record_manage.o(.constdata)
    DEV_ICO_INPUT_OUTPUT_MODULE              0x0800bbf4   Data          32  record_manage.o(.constdata)
    DEV_ICO_HALFWAY_ENHENCE_MODULE           0x0800bc14   Data          32  record_manage.o(.constdata)
    DEV_ICO_ISOLATE_MODULE                   0x0800bc34   Data          32  record_manage.o(.constdata)
    DEV_ICO_FIRE_PUMP                        0x0800bc54   Data          32  record_manage.o(.constdata)
    DEV_ICO_FIRE_TANK                        0x0800bc74   Data          32  record_manage.o(.constdata)
    DEV_ICO_WATER_FLOW_INDICATOR             0x0800bc94   Data          32  record_manage.o(.constdata)
    DEV_ICO_SMOKE_EXTRACTION_FAN             0x0800bcb4   Data          32  record_manage.o(.constdata)
    DEV_ICO_SOUND_LIGHT_ALARM                0x0800bcd4   Data          32  record_manage.o(.constdata)
    C_EVENT_ANNOTATION_LIST                  0x0800bcf4   Data        2752  record_manage.o(.constdata)
    ALARM_TYPE_TAB                           0x0800c7b4   Data          96  record_manage.o(.constdata)
    FLASH_ADDR                               0x0800c814   Data           8  ex_flash.o(.constdata)
    FLASH_SLEN                               0x0800c81c   Data           4  ex_flash.o(.constdata)
    FLASH_ALEN                               0x0800c820   Data           4  ex_flash.o(.constdata)
    FLASH_MAXN                               0x0800c824   Data           4  ex_flash.o(.constdata)
    FLASH_TIMES                              0x0800c828   Data           4  ex_flash.o(.constdata)
    Region$$Table$$Base                      0x0800daa4   Number         0  anon$$obj.o(Region$$Table)
    Region$$Table$$Limit                     0x0800dac4   Number         0  anon$$obj.o(Region$$Table)
    app_flag                                 0x0801f000   Data           4  main.o(.ARM.__AT_0x0801F000)
    hard_ver                                 0x0801f004   Data           4  main.o(.ARM.__AT_0x0801F004)
    Rt_1D0mS                                 0x200000c0   Data           2  timer.o(.data)
    RunSta                                   0x200000c2   Data           6  sys_init.o(.data)
    temp_offset                              0x200000c8   Data           4  rtc.o(.data)
    time_string                              0x200000cc   Data           7  rtc.o(.data)
    RTC_TimeStructure                        0x200000d3   Data           4  rtc.o(.data)
    RTC_DateStructure                        0x200000d7   Data           4  rtc.o(.data)
    AsynchPrediv                             0x200000dc   Data           4  rtc.o(.data)
    SynchPrediv                              0x200000e0   Data           4  rtc.o(.data)
    Led                                      0x200000e4   Data           2  led.o(.data)
    SystemCoreClock                          0x200000e8   Data           4  system_stm32f0xx.o(.data)
    AHBPrescTable                            0x200000ec   Data          16  system_stm32f0xx.o(.data)
    Last_Uc                                  0x200000fc   Data           5  controller.o(.data)
    Last_Event_Type                          0x20000102   Data           2  controller.o(.data)
    Last_Event_Time                          0x20000104   Data           4  controller.o(.data)
    len                                      0x20000108   Data           2  controller.o(.data)
    CenterCmd_Erease_Flash_Flag              0x2000010a   Data           1  controller.o(.data)
    CenterCmd_Rst_Flag                       0x2000010b   Data           1  controller.o(.data)
    Debug                                    0x2000010c   Data           2  controller.o(.data)
    CtrCommSta                               0x2000010e   Data           5  pc_comm.o(.data)
    Flash                                    0x20000117   Data           3  ex_flash.o(.data)
    flash_timer                              0x2000011a   Data           1  ex_flash.o(.data)
    Fr_Lastser                               0x2000011c   Data           1  ts.o(.data)
    Contr_Mode                               0x2000011d   Data           1  ts.o(.data)
    EventSer                                 0x2000011e   Data           1  ei_print_comm.o(.data)
    SysTimer                                 0x20000120   Data          16  timer.o(.bss)
    System                                   0x20000130   Data         267  sys_init.o(.bss)
    Contr_Pro                                0x2000023c   Data        1482  uart.o(.bss)
    Contr                                    0x20000806   Data          12  controller.o(.bss)
    RS232                                    0x20000812   Data        1820  controller.o(.bss)
    RS485                                    0x20000f2e   Data        1820  controller.o(.bss)
    Compete_Event                            0x2000164a   Data          10  controller.o(.bss)
    DevCommPro                               0x20001654   Data          32  pc_comm.o(.bss)
    Faraway_Updata                           0x20001674   Data          24  pc_comm.o(.bss)
    Auth                                     0x2000168c   Data          10  pc_comm.o(.bss)
    RecordInf                                0x20001696   Data          20  record_manage.o(.bss)
    TS_Far                                   0x200016aa   Data         514  ts.o(.bss)
    EI_Comm                                  0x200018ac   Data        1820  ei_print_comm.o(.bss)
    __initial_sp                             0x200023c8   Data           0  startup_stm32f0xx.o(STACK)



==============================================================================

Memory Map of the image

  Image Entry point : 0x080040c1

  Load Region LR_IROM1 (Base: 0x08004000, Size: 0x0001b068, Max: 0x0001c000, ABSOLUTE)

    Execution Region ER_IROM1 (Base: 0x08004000, Size: 0x0001b008, Max: 0x0001c000, ABSOLUTE)

    Base Addr    Size         Type   Attr      Idx    E Section Name        Object

    0x08004000   0x000000c0   Data   RO         4149    RESET               startup_stm32f0xx.o
    0x080040c0   0x00000000   Code   RO         5150  * .ARM.Collect$$$$00000000  mc_p.l(entry.o)
    0x080040c0   0x00000004   Code   RO         5434    .ARM.Collect$$$$00000001  mc_p.l(entry2.o)
    0x080040c4   0x00000004   Code   RO         5437    .ARM.Collect$$$$00000004  mc_p.l(entry5.o)
    0x080040c8   0x00000000   Code   RO         5439    .ARM.Collect$$$$00000008  mc_p.l(entry7b.o)
    0x080040c8   0x00000000   Code   RO         5441    .ARM.Collect$$$$0000000A  mc_p.l(entry8b.o)
    0x080040c8   0x00000008   Code   RO         5442    .ARM.Collect$$$$0000000B  mc_p.l(entry9a.o)
    0x080040d0   0x00000000   Code   RO         5444    .ARM.Collect$$$$0000000D  mc_p.l(entry10a.o)
    0x080040d0   0x00000000   Code   RO         5446    .ARM.Collect$$$$0000000F  mc_p.l(entry11a.o)
    0x080040d0   0x00000004   Code   RO         5435    .ARM.Collect$$$$00002712  mc_p.l(entry2.o)
    0x080040d4   0x00000058   Code   RO         4150    .text               startup_stm32f0xx.o
    0x0800412c   0x0000002c   Code   RO         5153    .text               mc_p.l(uidiv.o)
    0x08004158   0x00000028   Code   RO         5155    .text               mc_p.l(idiv.o)
    0x08004180   0x00000040   Code   RO         5159    .text               mc_p.l(memmovea.o)
    0x080041c0   0x00000024   Code   RO         5161    .text               mc_p.l(memseta.o)
    0x080041e4   0x00000028   Code   RO         5163    .text               mc_p.l(strstr.o)
    0x0800420c   0x0000001a   Code   RO         5167    .text               mc_p.l(memcmp.o)
    0x08004226   0x00000002   PAD
    0x08004228   0x00000024   Code   RO         5464    .text               mc_p.l(init.o)
    0x0800424c   0x00000068   Code   RO         4380    i.Abnormal_Ans_Process  pc_comm.o
    0x080042b4   0x000002e0   Code   RO         4953    i.Analyse_Info_TS   ts.o
    0x08004594   0x000000fc   Code   RO         4381    i.Ans_Process_Comm_Ans  pc_comm.o
    0x08004690   0x000000fc   Code   RO         4382    i.Ans_Process_Normal  pc_comm.o
    0x0800478c   0x00000048   Code   RO         4383    i.Ans_Process_Poll_Normal  pc_comm.o
    0x080047d4   0x00000054   Code   RO         4384    i.Ans_Updata_Normal  pc_comm.o
    0x08004828   0x00000014   Code   RO         3515    i.BCD2Hex           basic.o
    0x0800483c   0x00000034   Code   RO         4954    i.Caculate_CRC      ts.o
    0x08004870   0x00000044   Code   RO         4385    i.Change_Byte       pc_comm.o
    0x080048b4   0x0000001a   Code   RO         4756    i.CheckSum_Xor      ex_flash.o
    0x080048ce   0x00000002   PAD
    0x080048d0   0x00000084   Code   RO         4955    i.Com_Task_TS       ts.o
    0x08004954   0x00000078   Code   RO         3844    i.Contr_232Uart_Init  uart.o
    0x080049cc   0x00000026   Code   RO         3845    i.Contr_232Uart_Sta_Switch  uart.o
    0x080049f2   0x00000002   PAD
    0x080049f4   0x00000074   Code   RO         3846    i.Contr_485Uart_Init  uart.o
    0x08004a68   0x00000032   Code   RO         3847    i.Contr_485Uart_Sta_Switch  uart.o
    0x08004a9a   0x00000010   Code   RO         4250    i.Controller_Com    controller.o
    0x08004aaa   0x00000002   PAD
    0x08004aac   0x000000e8   Code   RO         4956    i.Controller_Com_Event_Save  ts.o
    0x08004b94   0x00000024   Code   RO         4251    i.Controller_Data_Init  controller.o
    0x08004bb8   0x0000001c   Code   RO         4252    i.Controller_Uart_Init  controller.o
    0x08004bd4   0x00000028   Code   RO         3848    i.Controller_Uart_Rec_Data  uart.o
    0x08004bfc   0x00000080   Code   RO         3849    i.Controller_Uart_Send_Data  uart.o
    0x08004c7c   0x00000038   Code   RO         5063    i.Data_Deal_Task    ei_print_comm.o
    0x08004cb4   0x00000038   Code   RO         4639    i.Delete_All_Record  record_manage.o
    0x08004cec   0x000003b0   Code   RO         4388    i.Dev_Frame_Analyse  pc_comm.o
    0x0800509c   0x00000030   Code   RO         4389    i.Dev_Frame_Handle  pc_comm.o
    0x080050cc   0x000000b0   Code   RO         4390    i.Dev_Frame_Handle_Self_Comm  pc_comm.o
    0x0800517c   0x0000006c   Code   RO         4391    i.Dev_Reg_Mode      pc_comm.o
    0x080051e8   0x00000058   Code   RO         4392    i.Dev_Reg_Mode_1BYTE  pc_comm.o
    0x08005240   0x0000008c   Code   RO         4393    i.Dev_Reg_Mode_2BYTE  pc_comm.o
    0x080052cc   0x00000174   Code   RO         4394    i.Dev_Reg_Mode_NBLOCK  pc_comm.o
    0x08005440   0x000001a8   Code   RO         4395    i.Dev_Reg_Mode_NBYTE  pc_comm.o
    0x080055e8   0x0000005c   Code   RO         5064    i.Do_Event_Upload   ei_print_comm.o
    0x08005644   0x0000001c   Code   RO         4156    i.EXTI4_15_IRQHandler  parallel_port.o
    0x08005660   0x0000000c   Code   RO          742    i.EXTI_ClearITPendingBit  stm32f0xx_exti.o
    0x0800566c   0x00000088   Code   RO          747    i.EXTI_Init         stm32f0xx_exti.o
    0x080056f4   0x00000070   Code   RO         4957    i.Find_Info_Upload  ts.o
    0x08005764   0x00000044   Code   RO         4958    i.Find_Module_Msg   ts.o
    0x080057a8   0x00000040   Code   RO         4757    i.Flash_Blank_Check  ex_flash.o
    0x080057e8   0x00000068   Code   RO         4758    i.Flash_Delete_Info_Item  ex_flash.o
    0x08005850   0x0000002c   Code   RO         4759    i.Flash_Enable_Write  ex_flash.o
    0x0800587c   0x00000024   Code   RO         4760    i.Flash_Erase_3Addr  ex_flash.o
    0x080058a0   0x00000018   Code   RO         4761    i.Flash_Error       ex_flash.o
    0x080058b8   0x00000014   Code   RO         4765    i.Flash_Init        ex_flash.o
    0x080058cc   0x00000104   Code   RO         4766    i.Flash_Load_Info   ex_flash.o
    0x080059d0   0x00000070   Code   RO         4767    i.Flash_Page_Program  ex_flash.o
    0x08005a40   0x00000070   Code   RO         4768    i.Flash_RWrite_String  ex_flash.o
    0x08005ab0   0x000000c6   Code   RO         4769    i.Flash_Read_3String  ex_flash.o
    0x08005b76   0x00000002   PAD
    0x08005b78   0x00000034   Code   RO         4771    i.Flash_Read_Status_Register  ex_flash.o
    0x08005bac   0x0000005c   Code   RO         4772    i.Flash_Read_String  ex_flash.o
    0x08005c08   0x000001e4   Code   RO         4773    i.Flash_Save_Info   ex_flash.o
    0x08005dec   0x00000054   Code   RO         4774    i.Flash_Sector_Erase  ex_flash.o
    0x08005e40   0x00000038   Code   RO         4776    i.Flash_Wait_Flash_Idle  ex_flash.o
    0x08005e78   0x00000026   Code   RO         4777    i.Flash_Write_3String  ex_flash.o
    0x08005e9e   0x000000a4   Code   RO         4778    i.Flash_Write_String  ex_flash.o
    0x08005f42   0x00000030   Code   RO         4779    i.Flash_Written_Check  ex_flash.o
    0x08005f72   0x00000002   PAD
    0x08005f74   0x0000002c   Code   RO         4780    i.Flash_disable_Write  ex_flash.o
    0x08005fa0   0x00000050   Code   RO         4396    i.Frame_Len_Anslyse  pc_comm.o
    0x08005ff0   0x00000090   Code   RO          992    i.GPIO_Init         stm32f0xx_gpio.o
    0x08006080   0x00000044   Code   RO          993    i.GPIO_PinAFConfig  stm32f0xx_gpio.o
    0x080060c4   0x00000014   Code   RO          996    i.GPIO_ReadInputDataBit  stm32f0xx_gpio.o
    0x080060d8   0x00000004   Code   RO          999    i.GPIO_ResetBits    stm32f0xx_gpio.o
    0x080060dc   0x00000004   Code   RO         1000    i.GPIO_SetBits      stm32f0xx_gpio.o
    0x080060e0   0x00000044   Code   RO         4640    i.Get_EventTypeGroup  record_manage.o
    0x08006124   0x00000006   Code   RO         4641    i.Get_Event_Type_Number  record_manage.o
    0x0800612a   0x00000002   PAD
    0x0800612c   0x0000008c   Code   RO         4781    i.Get_Item_To_Wr    ex_flash.o
    0x080061b8   0x0000002c   Code   RO         4157    i.Get_Parallel_Data  parallel_port.o
    0x080061e4   0x00000064   Code   RO         3650    i.Get_RTC_Time      rtc.o
    0x08006248   0x00000050   Code   RO         5065    i.Handle_Ei_Pri_B   ei_print_comm.o
    0x08006298   0x0000001e   Code   RO         3518    i.Hex2BCD           basic.o
    0x080062b6   0x00000038   Code   RO         4253    i.HexToBCD          controller.o
    0x080062ee   0x00000046   Code   RO         4254    i.Hex_To_BasicUC    controller.o
    0x08006334   0x00000010   Code   RO         1355    i.IWDG_Enable       stm32f0xx_iwdg.o
    0x08006344   0x00000010   Code   RO         1357    i.IWDG_ReloadCounter  stm32f0xx_iwdg.o
    0x08006354   0x0000000c   Code   RO         1358    i.IWDG_SetPrescaler  stm32f0xx_iwdg.o
    0x08006360   0x0000000c   Code   RO         1359    i.IWDG_SetReload    stm32f0xx_iwdg.o
    0x0800636c   0x0000000c   Code   RO         1361    i.IWDG_WriteAccessCmd  stm32f0xx_iwdg.o
    0x08006378   0x0000012c   Code   RO         3406    i.Init_Config       sys_init.o
    0x080064a4   0x00000028   Code   RO         3407    i.Init_WATCHDOG     sys_init.o
    0x080064cc   0x00000068   Code   RO         3725    i.Led_Init          led.o
    0x08006534   0x00000030   Code   RO         3408    i.McuCoreConfig     sys_init.o
    0x08006564   0x00000010   Code   RO         3409    i.Mcu_Data_Init     sys_init.o
    0x08006574   0x00000022   Code   RO         3410    i.Mcu_Hard_Init     sys_init.o
    0x08006596   0x0000003a   Code   RO         3521    i.MemoryCpyInvert   basic.o
    0x080065d0   0x0000000c   Code   RO         4960    i.Module_Msg_Send_Fal  ts.o
    0x080065dc   0x00000014   Code   RO         4961    i.Module_Msg_Send_Suc  ts.o
    0x080065f0   0x00000002   Code   RO         4255    i.Monitor_Controller_Fault_Eliminate  controller.o
    0x080065f2   0x00000002   PAD
    0x080065f4   0x00000050   Code   RO         4256    i.Monitor_Controller_Slave_Uart  controller.o
    0x08006644   0x0000001c   Code   RO         4257    i.Monitor_Controller_Uart  controller.o
    0x08006660   0x00000020   Code   RO         4258    i.Monitor_Controller_Uart_Timer_Run  controller.o
    0x08006680   0x00000002   Code   RO         3726    i.Monitor_Led       led.o
    0x08006682   0x00000002   PAD
    0x08006684   0x00000094   Code   RO         3345    i.Monitor_Task      timer.o
    0x08006718   0x00000038   Code   RO         4259    i.Monitor_Trans_Equip_Fault_Eliminate  controller.o
    0x08006750   0x00000048   Code   RO         4261    i.Monitor_Updata    controller.o
    0x08006798   0x00000070   Code   RO         1411    i.NVIC_Init         stm32f0xx_misc.o
    0x08006808   0x00000002   Code   RO         3727    i.Off_Led_Contor    led.o
    0x0800680a   0x00000002   PAD
    0x0800680c   0x00000034   Code   RO         3728    i.Off_Led_Error     led.o
    0x08006840   0x0000000c   Code   RO         3729    i.Off_Led_REC       led.o
    0x0800684c   0x0000000c   Code   RO         3730    i.Off_Led_SEND      led.o
    0x08006858   0x00000002   Code   RO         3731    i.On_Led_Contor     led.o
    0x0800685a   0x00000002   PAD
    0x0800685c   0x00000010   Code   RO         3732    i.On_Led_Error      led.o
    0x0800686c   0x0000000c   Code   RO         3733    i.On_Led_REC        led.o
    0x08006878   0x0000000c   Code   RO         3734    i.On_Led_SEND       led.o
    0x08006884   0x00000028   Code   RO         1443    i.PWR_BackupAccessCmd  stm32f0xx_pwr.o
    0x080068ac   0x000001c8   Code   RO         5066    i.Parall_Data_Analyse  ei_print_comm.o
    0x08006a74   0x00000030   Code   RO         5067    i.Parall_Uart_Rec_Data  ei_print_comm.o
    0x08006aa4   0x00000020   Code   RO         5068    i.Parallel_Init     ei_print_comm.o
    0x08006ac4   0x00000068   Code   RO         4159    i.Parallel_Port_EXTI_Init  parallel_port.o
    0x08006b2c   0x00000088   Code   RO         4160    i.Parallel_Port_IO_Init  parallel_port.o
    0x08006bb4   0x0000000c   Code   RO         4161    i.Parallel_Port_Init  parallel_port.o
    0x08006bc0   0x00000078   Code   RO         3346    i.Per_Second_Event_Deal  timer.o
    0x08006c38   0x00000100   Code   RO         3411    i.Power_485_Init    sys_init.o
    0x08006d38   0x00000020   Code   RO         1518    i.RCC_AHBPeriphClockCmd  stm32f0xx_rcc.o
    0x08006d58   0x00000020   Code   RO         1520    i.RCC_APB1PeriphClockCmd  stm32f0xx_rcc.o
    0x08006d78   0x00000020   Code   RO         1522    i.RCC_APB2PeriphClockCmd  stm32f0xx_rcc.o
    0x08006d98   0x00000078   Code   RO         4263    i.RS232_Task        controller.o
    0x08006e10   0x00000208   Code   RO         3857    i.RS232_Uart_Init   uart.o
    0x08007018   0x00000010   Code   RO         4264    i.RS485_Task        controller.o
    0x08007028   0x00000274   Code   RO         3858    i.RS485_Uart_Init   uart.o
    0x0800729c   0x0000001a   Code   RO         1770    i.RTC_Bcd2ToByte    stm32f0xx_rtc.o
    0x080072b6   0x0000001c   Code   RO         1772    i.RTC_ByteToBcd2    stm32f0xx_rtc.o
    0x080072d2   0x00000002   PAD
    0x080072d4   0x00000058   Code   RO         1780    i.RTC_EnterInitMode  stm32f0xx_rtc.o
    0x0800732c   0x00000014   Code   RO         1781    i.RTC_ExitInitMode  stm32f0xx_rtc.o
    0x08007340   0x00000060   Code   RO         1784    i.RTC_GetDate       stm32f0xx_rtc.o
    0x080073a0   0x0000005c   Code   RO         1789    i.RTC_GetTime       stm32f0xx_rtc.o
    0x080073fc   0x00000054   Code   RO         3653    i.RTC_Get_PowerOff_Time  rtc.o
    0x08007450   0x00000020   Code   RO         1796    i.RTC_ReadBackupRegister  stm32f0xx_rtc.o
    0x08007470   0x000000d0   Code   RO         1799    i.RTC_SetDate       stm32f0xx_rtc.o
    0x08007540   0x000000d8   Code   RO         1800    i.RTC_SetTime       stm32f0xx_rtc.o
    0x08007618   0x00000068   Code   RO         3655    i.RTC_TimeRegulate  rtc.o
    0x08007680   0x0000006c   Code   RO         1813    i.RTC_WaitForSynchro  stm32f0xx_rtc.o
    0x080076ec   0x0000001c   Code   RO         1814    i.RTC_WriteBackupRegister  stm32f0xx_rtc.o
    0x08007708   0x00000170   Code   RO         4398    i.Read_Bit_Reg      pc_comm.o
    0x08007878   0x000000b8   Code   RO         4399    i.Read_Byte_Reg     pc_comm.o
    0x08007930   0x000000f4   Code   RO         4163    i.Read_IO_Voltage   parallel_port.o
    0x08007a24   0x000000a8   Code   RO         4962    i.Read_Module_Info  ts.o
    0x08007acc   0x00000350   Code   RO         4400    i.Read_Mul_Byte_Reg  pc_comm.o
    0x08007e1c   0x0000002c   Code   RO         4401    i.Read_Mul_Byte_Reg_Para_Inf  pc_comm.o
    0x08007e48   0x00000038   Code   RO         4402    i.Read_MutBlock_Reg  pc_comm.o
    0x08007e80   0x00000188   Code   RO         4403    i.Read_MutBlock_Reg_Record  pc_comm.o
    0x08008008   0x0000011c   Code   RO         4404    i.Read_Special_Comm  pc_comm.o
    0x08008124   0x00000040   Code   RO         4724    i.Record_Controler_If_Event  record_status.o
    0x08008164   0x00000114   Code   RO         4644    i.Record_Save       record_manage.o
    0x08008278   0x00000078   Code   RO         3412    i.Recover_Factory_Set  sys_init.o
    0x080082f0   0x00000058   Code   RO         4782    i.SPI1_ReadWriteByte  ex_flash.o
    0x08008348   0x0000001c   Code   RO         2079    i.SPI_Cmd           stm32f0xx_spi.o
    0x08008364   0x000000e4   Code   RO         4783    i.SPI_Flash_Init    ex_flash.o
    0x08008448   0x00000014   Code   RO         2088    i.SPI_I2S_GetFlagStatus  stm32f0xx_spi.o
    0x0800845c   0x00000058   Code   RO         2093    i.SPI_Init          stm32f0xx_spi.o
    0x080084b4   0x0000000c   Code   RO         2097    i.SPI_ReceiveData8  stm32f0xx_spi.o
    0x080084c0   0x00000014   Code   RO         2098    i.SPI_RxFIFOThresholdConfig  stm32f0xx_spi.o
    0x080084d4   0x0000000a   Code   RO         2100    i.SPI_SendData8     stm32f0xx_spi.o
    0x080084de   0x00000002   PAD
    0x080084e0   0x00000040   Code   RO         2277    i.SYSCFG_EXTILineConfig  stm32f0xx_syscfg.o
    0x08008520   0x0000001c   Code   RO         2280    i.SYSCFG_MemoryRemapConfig  stm32f0xx_syscfg.o
    0x0800853c   0x00000706   Code   RO         5069    i.Save_Fault_Info_EI_PRT_B  ei_print_comm.o
    0x08008c42   0x00000002   PAD
    0x08008c44   0x00000654   Code   RO         5070    i.Save_Fire_Info_EI_PRT_B  ei_print_comm.o
    0x08009298   0x0000005c   Code   RO         4266    i.Save_Trans_Equip_Info  controller.o
    0x080092f4   0x00000050   Code   RO         4405    i.Send_Event_To_TransEq  pc_comm.o
    0x08009344   0x000000d8   Code   RO         4112    i.SetSysClock       system_stm32f0xx.o
    0x0800941c   0x0000004a   Code   RO         3657    i.Set_RTC_Time      rtc.o
    0x08009466   0x00000002   PAD
    0x08009468   0x000001f4   Code   RO         4963    i.Slave_Info_Send   ts.o
    0x0800965c   0x00000084   Code   RO         4964    i.Slave_Prepare_Answer  ts.o
    0x080096e0   0x00000020   Code   RO         3413    i.Soft_Reset        sys_init.o
    0x08009700   0x00000098   Code   RO         4114    i.SystemInit        system_stm32f0xx.o
    0x08009798   0x00000010   Code   RO         3414    i.System_Initialize  sys_init.o
    0x080097a8   0x000000a8   Code   RO         3347    i.TIM14_IRQHandler  timer.o
    0x08009850   0x00000020   Code   RO         2340    i.TIM_BDTRConfig    stm32f0xx_tim.o
    0x08009870   0x00000006   Code   RO         2346    i.TIM_ClearITPendingBit  stm32f0xx_tim.o
    0x08009876   0x00000002   PAD
    0x08009878   0x0000001c   Code   RO         2351    i.TIM_Cmd           stm32f0xx_tim.o
    0x08009894   0x00000022   Code   RO         2353    i.TIM_CtrlPWMOutputs  stm32f0xx_tim.o
    0x080098b6   0x00000026   Code   RO         2372    i.TIM_GetITStatus   stm32f0xx_tim.o
    0x080098dc   0x00000014   Code   RO         2376    i.TIM_ITConfig      stm32f0xx_tim.o
    0x080098f0   0x00000094   Code   RO         2380    i.TIM_OC1Init       stm32f0xx_tim.o
    0x08009984   0x0000009c   Code   RO         2385    i.TIM_OC2Init       stm32f0xx_tim.o
    0x08009a20   0x00000098   Code   RO         2390    i.TIM_OC3Init       stm32f0xx_tim.o
    0x08009ab8   0x0000007c   Code   RO         2424    i.TIM_TimeBaseInit  stm32f0xx_tim.o
    0x08009b34   0x00000088   Code   RO         4966    i.TS_Get_Controller_Data  ts.o
    0x08009bbc   0x0000010c   Code   RO         5071    i.TS_Send_Event     ei_print_comm.o
    0x08009cc8   0x000000e4   Code   RO         5072    i.TS_Send_Heart_Poll  ei_print_comm.o
    0x08009dac   0x00000050   Code   RO         3348    i.Timer14_Init      timer.o
    0x08009dfc   0x00000068   Code   RO         3859    i.USART2_IRQHandler  uart.o
    0x08009e64   0x00000018   Code   RO         2911    i.USART_Cmd         stm32f0xx_usart.o
    0x08009e7c   0x0000004e   Code   RO         2920    i.USART_GetITStatus  stm32f0xx_usart.o
    0x08009eca   0x00000042   Code   RO         2922    i.USART_ITConfig    stm32f0xx_usart.o
    0x08009f0c   0x0000003e   Code   RO         4407    i.Uart_Slave_Prepare_Send  pc_comm.o
    0x08009f4a   0x00000002   PAD
    0x08009f4c   0x000000b0   Code   RO         4408    i.Uart_Slaves_Init_Send  pc_comm.o
    0x08009ffc   0x0000000e   Code   RO         3526    i.Uchar_To_Uint16   basic.o
    0x0800a00a   0x00000002   PAD
    0x0800a00c   0x00000094   Code   RO         4784    i.Valid_FlashData   ex_flash.o
    0x0800a0a0   0x00000008   Code   RO         3415    i.Watch_Dog         sys_init.o
    0x0800a0a8   0x00000104   Code   RO         4409    i.Write_Bit_Reg     pc_comm.o
    0x0800a1ac   0x000002f4   Code   RO         4410    i.Write_Byte_Reg    pc_comm.o
    0x0800a4a0   0x000005e8   Code   RO         4411    i.Write_Mul_Byte_Reg  pc_comm.o
    0x0800aa88   0x00000014   Code   RO         4412    i.Write_MutBlock_Reg  pc_comm.o
    0x0800aa9c   0x0000053c   Code   RO         4413    i.Write_Special_Comm  pc_comm.o
    0x0800afd8   0x00000028   Code   RO         5220    i.__0sprintf$1      mc_p.l(printf1.o)
    0x0800b000   0x0000001c   Code   RO         3388    i.__ARM_common_switch8  timer.o
    0x0800b01c   0x0000000e   Code   RO         5480    i.__scatterload_copy  mc_p.l(handlers.o)
    0x0800b02a   0x00000002   Code   RO         5481    i.__scatterload_null  mc_p.l(handlers.o)
    0x0800b02c   0x0000000e   Code   RO         5482    i.__scatterload_zeroinit  mc_p.l(handlers.o)
    0x0800b03a   0x00000002   PAD
    0x0800b03c   0x00000150   Code   RO         5225    i._printf_core      mc_p.l(printf1.o)
    0x0800b18c   0x0000000a   Code   RO         5227    i._sputc            mc_p.l(printf1.o)
    0x0800b196   0x000001be   Code   RO         3529    i.addr_ID_compare   basic.o
    0x0800b354   0x0000002a   Code   RO         3530    i.addr_LA_compare   basic.o
    0x0800b37e   0x0000006c   Code   RO         3531    i.addr_UC_compare   basic.o
    0x0800b3ea   0x00000052   Code   RO         3533    i.addr_compare      basic.o
    0x0800b43c   0x0000001c   Code   RO         4647    i.get_record        record_manage.o
    0x0800b458   0x0000001c   Code   RO         3279    i.main              main.o
    0x0800b474   0x00000006   Data   RO         3417    .constdata          sys_init.o
    0x0800b47a   0x00000002   PAD
    0x0800b47c   0x00000236   Data   RO         3861    .constdata          uart.o
    0x0800b6b2   0x00000002   PAD
    0x0800b6b4   0x00001160   Data   RO         4649    .constdata          record_manage.o
    0x0800c814   0x00000018   Data   RO         4786    .constdata          ex_flash.o
    0x0800c82c   0x00001277   Data   RO         4650    .conststring        record_manage.o
    0x0800daa3   0x00000001   PAD
    0x0800daa4   0x00000020   Data   RO         5478    Region$$Table       anon$$obj.o
    0x0800dac4   0x0001153c   PAD
    0x0801f000   0x00000004   Data   RO         3280    .ARM.__AT_0x0801F000  main.o
    0x0801f004   0x00000004   Data   RO         3281    .ARM.__AT_0x0801F004  main.o


    Execution Region RW_IRAM1 (Base: 0x200000c0, Size: 0x00002308, Max: 0x00003f40, ABSOLUTE)

    Base Addr    Size         Type   Attr      Idx    E Section Name        Object

    0x200000c0   0x00000002   Data   RW         3351    .data               timer.o
    0x200000c2   0x00000006   Data   RW         3418    .data               sys_init.o
    0x200000c8   0x0000001c   Data   RW         3660    .data               rtc.o
    0x200000e4   0x00000002   Data   RW         3735    .data               led.o
    0x200000e6   0x00000002   PAD
    0x200000e8   0x00000014   Data   RW         4115    .data               system_stm32f0xx.o
    0x200000fc   0x00000012   Data   RW         4268    .data               controller.o
    0x2000010e   0x00000009   Data   RW         4415    .data               pc_comm.o
    0x20000117   0x00000005   Data   RW         4787    .data               ex_flash.o
    0x2000011c   0x00000002   Data   RW         4968    .data               ts.o
    0x2000011e   0x00000001   Data   RW         5074    .data               ei_print_comm.o
    0x2000011f   0x00000001   PAD
    0x20000120   0x00000010   Zero   RW         3350    .bss                timer.o
    0x20000130   0x0000010b   Zero   RW         3416    .bss                sys_init.o
    0x2000023b   0x00000001   PAD
    0x2000023c   0x000005ca   Zero   RW         3860    .bss                uart.o
    0x20000806   0x00000e4e   Zero   RW         4267    .bss                controller.o
    0x20001654   0x00000042   Zero   RW         4414    .bss                pc_comm.o
    0x20001696   0x00000014   Zero   RW         4648    .bss                record_manage.o
    0x200016aa   0x00000202   Zero   RW         4967    .bss                ts.o
    0x200018ac   0x0000071c   Zero   RW         5073    .bss                ei_print_comm.o
    0x20001fc8   0x00000400   Zero   RW         4147    STACK               startup_stm32f0xx.o


==============================================================================

Image component sizes


      Code (inc. data)   RO Data    RW Data    ZI Data      Debug   Object Name

       800          0          0          0          0       6089   basic.o
       704         84          0         18       3662      11658   controller.o
      4678        236          0          1       1820      11671   ei_print_comm.o
      2666        164         24          5          0      21685   ex_flash.o
       226         36          0          2          0       4603   led.o
        28          0          8          0          0       6666   main.o
       568         24          0          0          0       3563   parallel_port.o
      9594        436          0          9         66      29755   pc_comm.o
       434         44       9175          0         20      12837   record_manage.o
        64          0          0          0          0       1104   record_status.o
       362         22          0         28          0       3594   rtc.o
        88         38        192          0       1024        744   startup_stm32f0xx.o
         0          0          0          0          0     147960   stm32f0xx_adc.o
       148         10          0          0          0       1693   stm32f0xx_exti.o
       240          0          0          0          0       3819   stm32f0xx_gpio.o
        68         34          0          0          0       2750   stm32f0xx_iwdg.o
       112          6          0          0          0       1052   stm32f0xx_misc.o
        40          4          0          0          0        574   stm32f0xx_pwr.o
        96         12          0          0          0       1882   stm32f0xx_rcc.o
       942         60          0          0          0       8547   stm32f0xx_rtc.o
       178         20          0          0          0       4388   stm32f0xx_spi.o
        92          8          0          0          0       1327   stm32f0xx_syscfg.o
       738        118          0          0          0       7402   stm32f0xx_tim.o
       168          0          0          0          0       3081   stm32f0xx_usart.o
       870         60          6          6        267      14650   sys_init.o
       368         32          0         20          0       1857   system_stm32f0xx.o
       544         82          0          2         16       3893   timer.o
      2300        152          0          2        514      10890   ts.o
      1744         90        566          0       1482       9168   uart.o

    ----------------------------------------------------------------------
     28894       1772      80980         96       8872     338902   Object Totals
         0          0         32          0          0          0   (incl. Generated)
        34          0      70977          3          1          0   (incl. Padding)

    ----------------------------------------------------------------------

      Code (inc. data)   RO Data    RW Data    ZI Data      Debug   Library Member Name

         0          0          0          0          0          0   entry.o
         0          0          0          0          0          0   entry10a.o
         0          0          0          0          0          0   entry11a.o
         8          4          0          0          0          0   entry2.o
         4          0          0          0          0          0   entry5.o
         0          0          0          0          0          0   entry7b.o
         0          0          0          0          0          0   entry8b.o
         8          4          0          0          0          0   entry9a.o
        30          0          0          0          0          0   handlers.o
        40          0          0          0          0         72   idiv.o
        36          8          0          0          0         68   init.o
        26          0          0          0          0         72   memcmp.o
        64          0          0          0          0         68   memmovea.o
        36          0          0          0          0        100   memseta.o
       386          8          0          0          0        228   printf1.o
        40          0          0          0          0         72   strstr.o
        44          0          0          0          0         72   uidiv.o

    ----------------------------------------------------------------------
       726         24          0          0          0        752   Library Totals
         4          0          0          0          0          0   (incl. Padding)

    ----------------------------------------------------------------------

      Code (inc. data)   RO Data    RW Data    ZI Data      Debug   Library Name

       722         24          0          0          0        752   mc_p.l

    ----------------------------------------------------------------------
       726         24          0          0          0        752   Library Totals

    ----------------------------------------------------------------------

==============================================================================


      Code (inc. data)   RO Data    RW Data    ZI Data      Debug   

     29620       1796      80980         96       8872     330874   Grand Totals
     29620       1796      80980         96       8872     330874   ELF Image Totals
     29620       1796      80980         96          0          0   ROM Totals

==============================================================================

    Total RO  Size (Code + RO Data)               110600 ( 108.01kB)
    Total RW  Size (RW Data + ZI Data)              8968 (   8.76kB)
    Total ROM Size (Code + RO Data + RW Data)     110696 ( 108.10kB)

==============================================================================

