<html>
<body>
<pre>
<h1>礦ision Build Log</h1>
<h2>Tool Versions:</h2>
IDE-Version: μVision V5.23.0.0
Copyright (C) 2017 ARM Ltd and ARM Germany GmbH. All rights reserved.
License Information: haibing zhao, CHINA, LIC=R4HLQ-N6MFU-QGV7I-T3MGN-5PI1N-KIZAP
 
Tool Versions:
Toolchain:       MDK-ARM Professional  Version: 5.23
Toolchain Path:  C:\Keil_v5\ARM\ARMCC\Bin
C Compiler:      Armcc.exe V5.06 update 4 (build 422)
Assembler:       Armasm.exe V5.06 update 4 (build 422)
Linker/Locator:  ArmLink.exe V5.06 update 4 (build 422)
Library Manager: ArmAr.exe V5.06 update 4 (build 422)
Hex Converter:   FromElf.exe V5.06 update 4 (build 422)
CPU DLL:         SARMCM3.DLL V5.23
Dialog DLL:      DARMCM1.DLL V1.17.0.0
Target DLL:      STLink\ST-LINKIII-KEIL_SWO.dll V2.0.18.0
Dialog DLL:      TARMCM1.DLL V1.12.0.0
 
<h2>Project:</h2>
F:\通讯模块交接\模块类新\TS-LW-9608\0--Hardware\V1.00.01小批 (EI)\MDK-ARM\TS-LW-9608.uvprojx
Project File Date:  06/17/2019

<h2>Output:</h2>
*** Using Compiler 'V5.06 update 4 (build 422)', folder: 'C:\Keil_v5\ARM\ARMCC\Bin'
Rebuild target 'TS-LW-9608'
compiling stm32f0xx_adc.c...
compiling stm32f0xx_cec.c...
compiling stm32f0xx_comp.c...
compiling stm32f0xx_crc.c...
compiling stm32f0xx_dac.c...
compiling stm32f0xx_dbgmcu.c...
compiling stm32f0xx_dma.c...
compiling stm32f0xx_flash.c...
compiling stm32f0xx_exti.c...
compiling stm32f0xx_gpio.c...
compiling stm32f0xx_iwdg.c...
compiling stm32f0xx_i2c.c...
compiling stm32f0xx_misc.c...
compiling stm32f0xx_rcc.c...
compiling stm32f0xx_pwr.c...
compiling stm32f0xx_rtc.c...
compiling stm32f0xx_syscfg.c...
compiling stm32f0xx_spi.c...
compiling stm32f0xx_tim.c...
compiling stm32f0xx_wwdg.c...
compiling stm32f0xx_usart.c...
compiling Sys_init.c...
compiling main.c...
compiling Timer.c...
compiling led.c...
compiling rtc.c...
compiling basic.c...
compiling ffunicode.c...
compiling uart.c...
compiling bus_basic_cmd.c...
assembling startup_stm32f0xx.s...
compiling system_stm32f0xx.c...
compiling rs232_485.c...
compiling Parallel_Port.c...
compiling Controller.c...
compiling record_manage.c...
compiling pc_comm.c...
compiling record_status.c...
compiling TS.c...
compiling ex_flash.c...
compiling EI_Print_COMM.c...
..\APP\EI\EI_Print_COMM.c(105): warning:  #550-D: variable "fire_line_number"  was set but never used
  	UINT8	 print_line_number=0,fire_line_number=0;//打印数据总行数，报火警数据所在行数
..\APP\EI\EI_Print_COMM.c(107): warning:  #550-D: variable "floor"  was set but never used
  	UINT8 floor=0,layer=0;//楼号，层号
..\APP\EI\EI_Print_COMM.c(107): warning:  #550-D: variable "layer"  was set but never used
  	UINT8 floor=0,layer=0;//楼号，层号
..\APP\EI\EI_Print_COMM.c(313): warning:  #550-D: variable "fault_line_number"  was set but never used
  		UINT8	 print_line_number=0,fault_line_number=0;//打印数据总行数，报火警数据所在行数
..\APP\EI\EI_Print_COMM.c(315): warning:  #550-D: variable "floor"  was set but never used
  		UINT8 floor=0,layer=0;//楼号，层号
..\APP\EI\EI_Print_COMM.c(315): warning:  #550-D: variable "layer"  was set but never used
  		UINT8 floor=0,layer=0;//楼号，层号
..\APP\EI\EI_Print_COMM.c: 6 warnings, 0 errors
linking...
Program Size: Code=29620 RO-data=80980 RW-data=96 ZI-data=8872  
FromELF: creating hex file...
".\Objects\TS-LW-9608.axf" - 0 Error(s), 6 Warning(s).

<h2>Software Packages used:</h2>

Package Vendor: ARM
                http://www.keil.com/pack/ARM.CMSIS.5.0.1.pack
                ARM::CMSIS:CORE:5.0.1
                CMSIS (Cortex Microcontroller Software Interface Standard)
   * Component: CORE Version: 5.0.1

<h2>Collection of Component include folders:</h2>
  .\RTE\_TS-LW-9608
  C:\Keil_v5\ARM\PACK\ARM\CMSIS\5.0.1\CMSIS\Include
  C:\Keil_v5\ARM\PACK\Keil\STM32F0xx_DFP\2.0.0\Drivers\CMSIS\Device\ST\STM32F0xx\Include

<h2>Collection of Component Files used:</h2>

   * Component: ARM::CMSIS:CORE:5.0.1
Build Time Elapsed:  00:00:29
</pre>
</body>
</html>
